Release 14.7 - xst P.20131013 (lin64)
Copyright (c) 1995-2013 Xilinx, Inc.  All rights reserved.
--> 
Parameter TMPDIR set to xst/projnav.tmp


Total REAL time to Xst completion: 0.00 secs
Total CPU time to Xst completion: 0.04 secs
 
--> 
Parameter xsthdpdir set to xst


Total REAL time to Xst completion: 0.00 secs
Total CPU time to Xst completion: 0.05 secs
 
--> 
Reading design: RBG_128_TOP.prj

TABLE OF CONTENTS
  1) Synthesis Options Summary
  2) HDL Parsing
  3) HDL Elaboration
  4) HDL Synthesis
       4.1) HDL Synthesis Report
  5) Advanced HDL Synthesis
       5.1) Advanced HDL Synthesis Report
  6) Low Level Synthesis
  7) Partition Report
  8) Design Summary
       8.1) Primitive and Black Box Usage
       8.2) Device utilization summary
       8.3) Partition Resource Summary
       8.4) Timing Report
            8.4.1) Clock Information
            8.4.2) Asynchronous Control Signals Information
            8.4.3) Timing Summary
            8.4.4) Timing Details
            8.4.5) Cross Clock Domains Report


=========================================================================
*                      Synthesis Options Summary                        *
=========================================================================
---- Source Parameters
Input File Name                    : "RBG_128_TOP.prj"
Ignore Synthesis Constraint File   : NO

---- Target Parameters
Output File Name                   : "RBG_128_TOP"
Output Format                      : NGC
Target Device                      : xc6slx9-3-tqg144

---- Source Options
Top Module Name                    : RBG_128_TOP
Automatic FSM Extraction           : YES
FSM Encoding Algorithm             : Auto
Safe Implementation                : No
FSM Style                          : LUT
RAM Extraction                     : Yes
RAM Style                          : Auto
ROM Extraction                     : Yes
Shift Register Extraction          : YES
ROM Style                          : Auto
Resource Sharing                   : YES
Asynchronous To Synchronous        : NO
Shift Register Minimum Size        : 2
Use DSP Block                      : Auto
Automatic Register Balancing       : No

---- Target Options
LUT Combining                      : Auto
Reduce Control Sets                : Auto
Add IO Buffers                     : YES
Global Maximum Fanout              : 100000
Add Generic Clock Buffer(BUFG)     : 16
Register Duplication               : YES
Optimize Instantiated Primitives   : NO
Use Clock Enable                   : Auto
Use Synchronous Set                : Auto
Use Synchronous Reset              : Auto
Pack IO Registers into IOBs        : Auto
Equivalent register Removal        : YES

---- General Options
Optimization Goal                  : Speed
Optimization Effort                : 1
Power Reduction                    : NO
Keep Hierarchy                     : No
Netlist Hierarchy                  : As_Optimized
RTL Output                         : Yes
Global Optimization                : AllClockNets
Read Cores                         : YES
Write Timing Constraints           : NO
Cross Clock Analysis               : NO
Hierarchy Separator                : /
Bus Delimiter                      : <>
Case Specifier                     : Maintain
Slice Utilization Ratio            : 100
BRAM Utilization Ratio             : 100
DSP48 Utilization Ratio            : 100
Auto BRAM Packing                  : NO
Slice Utilization Ratio Delta      : 5

=========================================================================


=========================================================================
*                          HDL Parsing                                  *
=========================================================================
Analyzing Verilog file "/home/kevin/Downloads/mojo-base-project-master/src/spi_slave.v" into library work
Parsing module <spi_slave>.
Analyzing Verilog file "/home/kevin/Downloads/mojo-base-project-master/src/serial_tx.v" into library work
Parsing module <serial_tx>.
INFO:HDLCompiler:693 - "/home/kevin/Downloads/mojo-base-project-master/src/serial_tx.v" Line 14. parameter declaration becomes local in serial_tx with formal parameter declaration list
Analyzing Verilog file "/home/kevin/Downloads/mojo-base-project-master/src/serial_rx.v" into library work
Parsing module <serial_rx>.
INFO:HDLCompiler:693 - "/home/kevin/Downloads/mojo-base-project-master/src/serial_rx.v" Line 12. parameter declaration becomes local in serial_rx with formal parameter declaration list
Analyzing Verilog file "/home/kevin/Downloads/mojo-base-project-master/src/cclk_detector.v" into library work
Parsing module <cclk_detector>.
INFO:HDLCompiler:693 - "/home/kevin/Downloads/mojo-base-project-master/src/cclk_detector.v" Line 10. parameter declaration becomes local in cclk_detector with formal parameter declaration list
Analyzing Verilog file "/home/kevin/Downloads/mojo-base-project-master/src/avr_interface.v" into library work
Parsing module <avr_interface>.
INFO:HDLCompiler:693 - "/home/kevin/Downloads/mojo-base-project-master/src/avr_interface.v" Line 80. parameter declaration becomes local in avr_interface with formal parameter declaration list
Parsing VHDL file "/home/kevin/project/ise/DecimalToBinary/BinaryToDecimal.vhd" into library work
Parsing entity <BinaryToDecimal>.
Parsing architecture <Behavioral> of entity <binarytodecimal>.
Parsing VHDL file "/home/kevin/project/ise/RGB_128_OUTPUT/RBG_128_TOP.vhd" into library work
Parsing entity <RBG_128_TOP>.
Parsing architecture <Behavioral> of entity <rbg_128_top>.

=========================================================================
*                            HDL Elaboration                            *
=========================================================================

Elaborating entity <RBG_128_TOP> (architecture <Behavioral>) from library <work>.

Elaborating entity <BinaryToDecimal> (architecture <Behavioral>) from library <work>.
Going to verilog side to elaborate module avr_interface

Elaborating module <avr_interface(CLK_RATE=50000000,SERIAL_BAUD_RATE=500000)>.

Elaborating module <cclk_detector(CLK_RATE=50000000)>.

Elaborating module <spi_slave>.

Elaborating module <serial_rx(CLK_PER_BIT=100)>.

Elaborating module <serial_tx(CLK_PER_BIT=100)>.
Back to vhdl to continue elaboration
WARNING:HDLCompiler:1127 - "/home/kevin/project/ise/RGB_128_OUTPUT/RBG_128_TOP.vhd" Line 132: Assignment to ssdinput ignored, since the identifier is never used
WARNING:HDLCompiler:634 - "/home/kevin/project/ise/RGB_128_OUTPUT/RBG_128_TOP.vhd" Line 72: Net <red_hit[15]> does not have a driver.
WARNING:HDLCompiler:634 - "/home/kevin/project/ise/RGB_128_OUTPUT/RBG_128_TOP.vhd" Line 73: Net <blue_hit[15]> does not have a driver.
WARNING:HDLCompiler:634 - "/home/kevin/project/ise/RGB_128_OUTPUT/RBG_128_TOP.vhd" Line 74: Net <green_hit[15]> does not have a driver.
WARNING:HDLCompiler:634 - "/home/kevin/project/ise/RGB_128_OUTPUT/RBG_128_TOP.vhd" Line 78: Net <bcdinput[11]> does not have a driver.
WARNING:HDLCompiler:634 - "/home/kevin/project/ise/RGB_128_OUTPUT/RBG_128_TOP.vhd" Line 82: Net <channel[3]> does not have a driver.
WARNING:HDLCompiler:634 - "/home/kevin/project/ise/RGB_128_OUTPUT/RBG_128_TOP.vhd" Line 83: Net <rst> does not have a driver.
WARNING:HDLCompiler:634 - "/home/kevin/project/ise/RGB_128_OUTPUT/RBG_128_TOP.vhd" Line 89: Net <new_tx_data> does not have a driver.
WARNING:HDLCompiler:634 - "/home/kevin/project/ise/RGB_128_OUTPUT/RBG_128_TOP.vhd" Line 92: Net <d_rx_data[7]> does not have a driver.
WARNING:Xst:2972 - "/home/kevin/project/ise/RGB_128_OUTPUT/RBG_128_TOP.vhd" line 103. All outputs of instance <BCD> of block <BinaryToDecimal> are unconnected in block <RBG_128_TOP>. Underlying logic will be removed.

=========================================================================
*                           HDL Synthesis                               *
=========================================================================

Synthesizing Unit <RBG_128_TOP>.
    Related source file is "/home/kevin/project/ise/RGB_128_OUTPUT/RBG_128_TOP.vhd".
WARNING:Xst:647 - Input <rst_n> is never used. This port will be preserved and left unconnected if it belongs to a top-level block or it belongs to a sub-block and the hierarchy of this sub-block is preserved.
WARNING:Xst:647 - Input <clock_up> is never used. This port will be preserved and left unconnected if it belongs to a top-level block or it belongs to a sub-block and the hierarchy of this sub-block is preserved.
WARNING:Xst:647 - Input <clock_down> is never used. This port will be preserved and left unconnected if it belongs to a top-level block or it belongs to a sub-block and the hierarchy of this sub-block is preserved.
WARNING:Xst:647 - Input <clock_select> is never used. This port will be preserved and left unconnected if it belongs to a top-level block or it belongs to a sub-block and the hierarchy of this sub-block is preserved.
INFO:Xst:3210 - "/home/kevin/project/ise/RGB_128_OUTPUT/RBG_128_TOP.vhd" line 103: Output port <bcdoutput> of the instance <BCD> is unconnected or connected to loadless signal.
INFO:Xst:3210 - "/home/kevin/project/ise/RGB_128_OUTPUT/RBG_128_TOP.vhd" line 107: Output port <sample_channel> of the instance <AVR> is unconnected or connected to loadless signal.
INFO:Xst:3210 - "/home/kevin/project/ise/RGB_128_OUTPUT/RBG_128_TOP.vhd" line 107: Output port <new_sample> of the instance <AVR> is unconnected or connected to loadless signal.
INFO:Xst:3210 - "/home/kevin/project/ise/RGB_128_OUTPUT/RBG_128_TOP.vhd" line 107: Output port <tx_busy> of the instance <AVR> is unconnected or connected to loadless signal.
WARNING:Xst:653 - Signal <red_hit<15:8>> is used but never assigned. This sourceless signal will be automatically connected to value GND.
WARNING:Xst:653 - Signal <blue_hit<15:8>> is used but never assigned. This sourceless signal will be automatically connected to value GND.
WARNING:Xst:653 - Signal <green_hit> is used but never assigned. This sourceless signal will be automatically connected to value GND.
WARNING:Xst:653 - Signal <bcdinput<11:10>> is used but never assigned. This sourceless signal will be automatically connected to value GND.
WARNING:Xst:653 - Signal <channel> is used but never assigned. This sourceless signal will be automatically connected to value GND.
WARNING:Xst:653 - Signal <d_rx_data> is used but never assigned. This sourceless signal will be automatically connected to value GND.
WARNING:Xst:653 - Signal <rst> is used but never assigned. This sourceless signal will be automatically connected to value GND.
WARNING:Xst:653 - Signal <new_tx_data> is used but never assigned. This sourceless signal will be automatically connected to value GND.
    Found 8-bit register for signal <clock_d2_c>.
    Found 8-bit register for signal <q_rx_data>.
    Summary:
	inferred  16 D-type flip-flop(s).
Unit <RBG_128_TOP> synthesized.

Synthesizing Unit <avr_interface>.
    Related source file is "/home/kevin/Downloads/mojo-base-project-master/src/avr_interface.v".
        CLK_RATE = 50000000
        SERIAL_BAUD_RATE = 500000
    Found 10-bit register for signal <sample_q>.
    Found 1-bit register for signal <new_sample_q>.
    Found 4-bit register for signal <block_q>.
    Found 1-bit register for signal <busy_q>.
    Found 4-bit register for signal <sample_channel_q>.
    Found 1-bit register for signal <byte_ct_q>.
    Found 1-bit tristate buffer for signal <spi_channel<3>> created at line 106
    Found 1-bit tristate buffer for signal <spi_channel<2>> created at line 106
    Found 1-bit tristate buffer for signal <spi_channel<1>> created at line 106
    Found 1-bit tristate buffer for signal <spi_channel<0>> created at line 106
    Found 1-bit tristate buffer for signal <spi_miso> created at line 107
    Found 1-bit tristate buffer for signal <tx> created at line 108
    Summary:
	inferred  21 D-type flip-flop(s).
	inferred   1 Multiplexer(s).
	inferred   6 Tristate(s).
Unit <avr_interface> synthesized.

Synthesizing Unit <cclk_detector>.
    Related source file is "/home/kevin/Downloads/mojo-base-project-master/src/cclk_detector.v".
        CLK_RATE = 50000000
    Found 1-bit register for signal <ready_q>.
    Found 10-bit register for signal <ctr_q>.
    Found 10-bit adder for signal <ctr_q[9]_GND_8_o_add_2_OUT> created at line 24.
    Summary:
	inferred   1 Adder/Subtractor(s).
	inferred  11 D-type flip-flop(s).
Unit <cclk_detector> synthesized.

Synthesizing Unit <spi_slave>.
    Related source file is "/home/kevin/Downloads/mojo-base-project-master/src/spi_slave.v".
    Found 3-bit register for signal <bit_ct_q>.
    Found 8-bit register for signal <dout_q>.
    Found 1-bit register for signal <miso_q>.
    Found 1-bit register for signal <sck_q>.
    Found 1-bit register for signal <mosi_q>.
    Found 1-bit register for signal <ss_q>.
    Found 8-bit register for signal <data_q>.
    Found 1-bit register for signal <sck_old_q>.
    Found 1-bit register for signal <done_q>.
    Found 3-bit adder for signal <bit_ct_q[2]_GND_9_o_add_1_OUT> created at line 45.
    Summary:
	inferred   1 Adder/Subtractor(s).
	inferred  25 D-type flip-flop(s).
	inferred   2 Multiplexer(s).
Unit <spi_slave> synthesized.

Synthesizing Unit <serial_rx>.
    Related source file is "/home/kevin/Downloads/mojo-base-project-master/src/serial_rx.v".
        CLK_PER_BIT = 100
    Found 3-bit register for signal <bit_ctr_q>.
    Found 1-bit register for signal <new_data_q>.
    Found 2-bit register for signal <state_q>.
    Found 1-bit register for signal <rx_q>.
    Found 8-bit register for signal <data_q>.
    Found 7-bit register for signal <ctr_q>.
    Found finite state machine <FSM_0> for signal <state_q>.
    -----------------------------------------------------------------------
    | States             | 4                                              |
    | Transitions        | 9                                              |
    | Inputs             | 4                                              |
    | Outputs            | 2                                              |
    | Clock              | clk (rising_edge)                              |
    | Reset              | rst (positive)                                 |
    | Reset type         | synchronous                                    |
    | Reset State        | 00                                             |
    | Power Up State     | 00                                             |
    | Encoding           | auto                                           |
    | Implementation     | LUT                                            |
    -----------------------------------------------------------------------
    Found 7-bit adder for signal <ctr_q[6]_GND_10_o_add_7_OUT> created at line 54.
    Found 3-bit adder for signal <bit_ctr_q[2]_GND_10_o_add_9_OUT> created at line 57.
    Summary:
	inferred   2 Adder/Subtractor(s).
	inferred  20 D-type flip-flop(s).
	inferred   7 Multiplexer(s).
	inferred   1 Finite State Machine(s).
Unit <serial_rx> synthesized.

Synthesizing Unit <serial_tx>.
    Related source file is "/home/kevin/Downloads/mojo-base-project-master/src/serial_tx.v".
        CLK_PER_BIT = 100
    Found 1-bit register for signal <tx_q>.
    Found 1-bit register for signal <block_q>.
    Found 3-bit register for signal <bit_ctr_q>.
    Found 7-bit register for signal <ctr_q>.
    Found 1-bit register for signal <busy_q>.
    Found 2-bit register for signal <state_q>.
INFO:Xst:1799 - State 10 is never reached in FSM <state_q>.
INFO:Xst:1799 - State 11 is never reached in FSM <state_q>.
    Found finite state machine <FSM_1> for signal <state_q>.
    -----------------------------------------------------------------------
    | States             | 3                                              |
    | Transitions        | 1                                              |
    | Inputs             | 2                                              |
    | Outputs            | 1                                              |
    | Clock              | clk (rising_edge)                              |
    | Reset              | rst (positive)                                 |
    | Reset type         | synchronous                                    |
    | Reset State        | 00                                             |
    | Power Up State     | 00                                             |
    | Encoding           | auto                                           |
    | Implementation     | LUT                                            |
    -----------------------------------------------------------------------
    Summary:
	inferred  10 D-type flip-flop(s).
	inferred   1 Multiplexer(s).
	inferred   1 Finite State Machine(s).
Unit <serial_tx> synthesized.

=========================================================================
HDL Synthesis Report

Macro Statistics
# Adders/Subtractors                                   : 4
 10-bit adder                                          : 1
 3-bit adder                                           : 2
 7-bit adder                                           : 1
# Registers                                            : 28
 1-bit register                                        : 15
 10-bit register                                       : 2
 3-bit register                                        : 2
 4-bit register                                        : 2
 7-bit register                                        : 2
 8-bit register                                        : 5
# Multiplexers                                         : 11
 1-bit 2-to-1 multiplexer                              : 3
 10-bit 2-to-1 multiplexer                             : 1
 3-bit 2-to-1 multiplexer                              : 1
 7-bit 2-to-1 multiplexer                              : 5
 8-bit 2-to-1 multiplexer                              : 1
# Tristates                                            : 6
 1-bit tristate buffer                                 : 6
# FSMs                                                 : 2
# Xors                                                 : 1
 1-bit xor2                                            : 1

=========================================================================

=========================================================================
*                       Advanced HDL Synthesis                          *
=========================================================================

WARNING:Xst:1710 - FF/Latch <block_q> (without init value) has a constant value of 0 in block <serial_tx>. This FF/Latch will be trimmed during the optimization process.
WARNING:Xst:1710 - FF/Latch <busy_q> (without init value) has a constant value of 0 in block <AVR>. This FF/Latch will be trimmed during the optimization process.
WARNING:Xst:1895 - Due to other FF/Latch trimming, FF/Latch <q_rx_data_0> (without init value) has a constant value of 0 in block <RBG_128_TOP>. This FF/Latch will be trimmed during the optimization process.
WARNING:Xst:1895 - Due to other FF/Latch trimming, FF/Latch <q_rx_data_1> (without init value) has a constant value of 0 in block <RBG_128_TOP>. This FF/Latch will be trimmed during the optimization process.
WARNING:Xst:1895 - Due to other FF/Latch trimming, FF/Latch <q_rx_data_2> (without init value) has a constant value of 0 in block <RBG_128_TOP>. This FF/Latch will be trimmed during the optimization process.
WARNING:Xst:1895 - Due to other FF/Latch trimming, FF/Latch <q_rx_data_3> (without init value) has a constant value of 0 in block <RBG_128_TOP>. This FF/Latch will be trimmed during the optimization process.
WARNING:Xst:1895 - Due to other FF/Latch trimming, FF/Latch <q_rx_data_4> (without init value) has a constant value of 0 in block <RBG_128_TOP>. This FF/Latch will be trimmed during the optimization process.
WARNING:Xst:1895 - Due to other FF/Latch trimming, FF/Latch <q_rx_data_5> (without init value) has a constant value of 0 in block <RBG_128_TOP>. This FF/Latch will be trimmed during the optimization process.
WARNING:Xst:1895 - Due to other FF/Latch trimming, FF/Latch <q_rx_data_6> (without init value) has a constant value of 0 in block <RBG_128_TOP>. This FF/Latch will be trimmed during the optimization process.
WARNING:Xst:1895 - Due to other FF/Latch trimming, FF/Latch <q_rx_data_7> (without init value) has a constant value of 0 in block <RBG_128_TOP>. This FF/Latch will be trimmed during the optimization process.
WARNING:Xst:1898 - Due to constant pushing, FF/Latch <block_q_0> is unconnected in block <AVR>.
WARNING:Xst:1898 - Due to constant pushing, FF/Latch <block_q_1> is unconnected in block <AVR>.
WARNING:Xst:1898 - Due to constant pushing, FF/Latch <block_q_2> is unconnected in block <AVR>.
WARNING:Xst:1898 - Due to constant pushing, FF/Latch <block_q_3> is unconnected in block <AVR>.

Synthesizing (advanced) Unit <cclk_detector>.
The following registers are absorbed into counter <ctr_q>: 1 register on signal <ctr_q>.
Unit <cclk_detector> synthesized (advanced).

Synthesizing (advanced) Unit <serial_rx>.
The following registers are absorbed into counter <bit_ctr_q>: 1 register on signal <bit_ctr_q>.
Unit <serial_rx> synthesized (advanced).

Synthesizing (advanced) Unit <spi_slave>.
The following registers are absorbed into counter <bit_ct_q>: 1 register on signal <bit_ct_q>.
Unit <spi_slave> synthesized (advanced).

=========================================================================
Advanced HDL Synthesis Report

Macro Statistics
# Adders/Subtractors                                   : 1
 7-bit adder                                           : 1
# Counters                                             : 3
 10-bit up counter                                     : 1
 3-bit up counter                                      : 2
# Registers                                            : 87
 Flip-Flops                                            : 87
# Multiplexers                                         : 10
 1-bit 2-to-1 multiplexer                              : 3
 10-bit 2-to-1 multiplexer                             : 1
 7-bit 2-to-1 multiplexer                              : 5
 8-bit 2-to-1 multiplexer                              : 1
# FSMs                                                 : 2
# Xors                                                 : 1
 1-bit xor2                                            : 1

=========================================================================

=========================================================================
*                         Low Level Synthesis                           *
=========================================================================
WARNING:Xst:1710 - FF/Latch <busy_q> (without init value) has a constant value of 0 in block <avr_interface>. This FF/Latch will be trimmed during the optimization process.
WARNING:Xst:1898 - Due to constant pushing, FF/Latch <block_q_0> is unconnected in block <avr_interface>.
WARNING:Xst:1898 - Due to constant pushing, FF/Latch <block_q_1> is unconnected in block <avr_interface>.
WARNING:Xst:1898 - Due to constant pushing, FF/Latch <block_q_2> is unconnected in block <avr_interface>.
WARNING:Xst:1898 - Due to constant pushing, FF/Latch <block_q_3> is unconnected in block <avr_interface>.
WARNING:Xst:1710 - FF/Latch <q_rx_data_0> (without init value) has a constant value of 0 in block <RBG_128_TOP>. This FF/Latch will be trimmed during the optimization process.
WARNING:Xst:1895 - Due to other FF/Latch trimming, FF/Latch <q_rx_data_1> (without init value) has a constant value of 0 in block <RBG_128_TOP>. This FF/Latch will be trimmed during the optimization process.
WARNING:Xst:1895 - Due to other FF/Latch trimming, FF/Latch <q_rx_data_2> (without init value) has a constant value of 0 in block <RBG_128_TOP>. This FF/Latch will be trimmed during the optimization process.
WARNING:Xst:1895 - Due to other FF/Latch trimming, FF/Latch <q_rx_data_3> (without init value) has a constant value of 0 in block <RBG_128_TOP>. This FF/Latch will be trimmed during the optimization process.
WARNING:Xst:1895 - Due to other FF/Latch trimming, FF/Latch <q_rx_data_4> (without init value) has a constant value of 0 in block <RBG_128_TOP>. This FF/Latch will be trimmed during the optimization process.
WARNING:Xst:1895 - Due to other FF/Latch trimming, FF/Latch <q_rx_data_5> (without init value) has a constant value of 0 in block <RBG_128_TOP>. This FF/Latch will be trimmed during the optimization process.
WARNING:Xst:1895 - Due to other FF/Latch trimming, FF/Latch <q_rx_data_6> (without init value) has a constant value of 0 in block <RBG_128_TOP>. This FF/Latch will be trimmed during the optimization process.
WARNING:Xst:1895 - Due to other FF/Latch trimming, FF/Latch <q_rx_data_7> (without init value) has a constant value of 0 in block <RBG_128_TOP>. This FF/Latch will be trimmed during the optimization process.
WARNING:Xst:1710 - FF/Latch <block_q> (without init value) has a constant value of 0 in block <serial_tx>. This FF/Latch will be trimmed during the optimization process.
Analyzing FSM <MFsm> for best encoding.
Optimizing FSM <AVR/serial_rx/FSM_0> on signal <state_q[1:2]> with gray encoding.
-------------------
 State | Encoding
-------------------
 00    | 00
 01    | 01
 10    | 11
 11    | 10
-------------------
Analyzing FSM <MFsm> for best encoding.
Optimizing FSM <AVR/serial_tx/FSM_1> on signal <state_q[1:2]> with user encoding.
-------------------
 State | Encoding
-------------------
 00    | 00
 10    | unreached
 11    | unreached
-------------------
WARNING:Xst:1710 - FF/Latch <tx_q> (without init value) has a constant value of 1 in block <serial_tx>. This FF/Latch will be trimmed during the optimization process.
WARNING:Xst:2677 - Node <ctr_q_0> of sequential type is unconnected in block <serial_tx>.
WARNING:Xst:2677 - Node <ctr_q_1> of sequential type is unconnected in block <serial_tx>.
WARNING:Xst:2677 - Node <ctr_q_2> of sequential type is unconnected in block <serial_tx>.
WARNING:Xst:2677 - Node <ctr_q_3> of sequential type is unconnected in block <serial_tx>.
WARNING:Xst:2677 - Node <ctr_q_4> of sequential type is unconnected in block <serial_tx>.
WARNING:Xst:2677 - Node <ctr_q_5> of sequential type is unconnected in block <serial_tx>.
WARNING:Xst:2677 - Node <ctr_q_6> of sequential type is unconnected in block <serial_tx>.
WARNING:Xst:2677 - Node <AVR/sample_q_9> of sequential type is unconnected in block <RBG_128_TOP>.
WARNING:Xst:2677 - Node <AVR/sample_q_8> of sequential type is unconnected in block <RBG_128_TOP>.
WARNING:Xst:2677 - Node <AVR/sample_q_7> of sequential type is unconnected in block <RBG_128_TOP>.
WARNING:Xst:2677 - Node <AVR/sample_q_6> of sequential type is unconnected in block <RBG_128_TOP>.
WARNING:Xst:2677 - Node <AVR/sample_q_5> of sequential type is unconnected in block <RBG_128_TOP>.
WARNING:Xst:2677 - Node <AVR/sample_q_4> of sequential type is unconnected in block <RBG_128_TOP>.
WARNING:Xst:2677 - Node <AVR/sample_q_3> of sequential type is unconnected in block <RBG_128_TOP>.
WARNING:Xst:2677 - Node <AVR/sample_q_2> of sequential type is unconnected in block <RBG_128_TOP>.
WARNING:Xst:2677 - Node <AVR/sample_q_1> of sequential type is unconnected in block <RBG_128_TOP>.
WARNING:Xst:2677 - Node <AVR/sample_q_0> of sequential type is unconnected in block <RBG_128_TOP>.
WARNING:Xst:2677 - Node <AVR/new_sample_q> of sequential type is unconnected in block <RBG_128_TOP>.
WARNING:Xst:2677 - Node <AVR/byte_ct_q> of sequential type is unconnected in block <RBG_128_TOP>.
WARNING:Xst:2677 - Node <AVR/sample_channel_q_3> of sequential type is unconnected in block <RBG_128_TOP>.
WARNING:Xst:2677 - Node <AVR/sample_channel_q_2> of sequential type is unconnected in block <RBG_128_TOP>.
WARNING:Xst:2677 - Node <AVR/sample_channel_q_1> of sequential type is unconnected in block <RBG_128_TOP>.
WARNING:Xst:2677 - Node <AVR/sample_channel_q_0> of sequential type is unconnected in block <RBG_128_TOP>.
WARNING:Xst:2677 - Node <AVR/serial_tx/busy_q> of sequential type is unconnected in block <RBG_128_TOP>.

Optimizing unit <RBG_128_TOP> ...

Optimizing unit <spi_slave> ...

Optimizing unit <serial_rx> ...
WARNING:Xst:2677 - Node <AVR/spi_slave/dout_q_7> of sequential type is unconnected in block <RBG_128_TOP>.
WARNING:Xst:2677 - Node <AVR/spi_slave/dout_q_6> of sequential type is unconnected in block <RBG_128_TOP>.
WARNING:Xst:2677 - Node <AVR/spi_slave/dout_q_5> of sequential type is unconnected in block <RBG_128_TOP>.
WARNING:Xst:2677 - Node <AVR/spi_slave/dout_q_4> of sequential type is unconnected in block <RBG_128_TOP>.
WARNING:Xst:2677 - Node <AVR/spi_slave/dout_q_3> of sequential type is unconnected in block <RBG_128_TOP>.
WARNING:Xst:2677 - Node <AVR/spi_slave/dout_q_2> of sequential type is unconnected in block <RBG_128_TOP>.
WARNING:Xst:2677 - Node <AVR/spi_slave/dout_q_1> of sequential type is unconnected in block <RBG_128_TOP>.
WARNING:Xst:2677 - Node <AVR/spi_slave/dout_q_0> of sequential type is unconnected in block <RBG_128_TOP>.
WARNING:Xst:2677 - Node <AVR/spi_slave/done_q> of sequential type is unconnected in block <RBG_128_TOP>.

Mapping all equations...
Building and optimizing final netlist ...
Found area constraint ratio of 100 (+ 5) on block RBG_128_TOP, actual ratio is 1.

Final Macro Processing ...

=========================================================================
Final Register Report

Macro Statistics
# Registers                                            : 57
 Flip-Flops                                            : 57

=========================================================================

=========================================================================
*                           Partition Report                            *
=========================================================================

Partition Implementation Status
-------------------------------

  No Partitions were found in this design.

-------------------------------

=========================================================================
*                            Design Summary                             *
=========================================================================

Top Level Output File Name         : RBG_128_TOP.ngc

Primitive and Black Box Usage:
------------------------------
# BELS                             : 96
#      GND                         : 1
#      INV                         : 4
#      LUT1                        : 9
#      LUT2                        : 7
#      LUT3                        : 2
#      LUT4                        : 14
#      LUT5                        : 8
#      LUT6                        : 31
#      MUXCY                       : 9
#      VCC                         : 1
#      XORCY                       : 10
# FlipFlops/Latches                : 57
#      FD                          : 14
#      FDE                         : 8
#      FDR                         : 6
#      FDRE                        : 20
#      FDS                         : 1
#      FDSE                        : 8
# Clock Buffers                    : 1
#      BUFGP                       : 1
# IO Buffers                       : 75
#      IBUF                        : 5
#      OBUF                        : 64
#      OBUFT                       : 6

Device utilization summary:
---------------------------

Selected Device : 6slx9tqg144-3 


Slice Logic Utilization: 
 Number of Slice Registers:              57  out of  11440     0%  
 Number of Slice LUTs:                   75  out of   5720     1%  
    Number used as Logic:                75  out of   5720     1%  

Slice Logic Distribution: 
 Number of LUT Flip Flop pairs used:     87
   Number with an unused Flip Flop:      30  out of     87    34%  
   Number with an unused LUT:            12  out of     87    13%  
   Number of fully used LUT-FF pairs:    45  out of     87    51%  
   Number of unique control sets:         7

IO Utilization: 
 Number of IOs:                          89
 Number of bonded IOBs:                  76  out of    102    74%  

Specific Feature Utilization:
 Number of BUFG/BUFGCTRLs:                1  out of     16     6%  

---------------------------
Partition Resource Summary:
---------------------------

  No Partitions were found in this design.

---------------------------


=========================================================================
Timing Report

NOTE: THESE TIMING NUMBERS ARE ONLY A SYNTHESIS ESTIMATE.
      FOR ACCURATE TIMING INFORMATION PLEASE REFER TO THE TRACE REPORT
      GENERATED AFTER PLACE-and-ROUTE.

Clock Information:
------------------
-----------------------------------+------------------------+-------+
Clock Signal                       | Clock buffer(FF name)  | Load  |
-----------------------------------+------------------------+-------+
clk                                | BUFGP                  | 57    |
-----------------------------------+------------------------+-------+

Asynchronous Control Signals Information:
----------------------------------------
No asynchronous control signals found in this design

Timing Summary:
---------------
Speed Grade: -3

   Minimum period: 3.611ns (Maximum Frequency: 276.897MHz)
   Minimum input arrival time before clock: 3.330ns
   Maximum output required time after clock: 4.945ns
   Maximum combinational path delay: 5.296ns

Timing Details:
---------------
All values displayed in nanoseconds (ns)

=========================================================================
Timing constraint: Default period analysis for Clock 'clk'
  Clock period: 3.611ns (frequency: 276.897MHz)
  Total number of paths / destination ports: 539 / 114
-------------------------------------------------------------------------
Delay:               3.611ns (Levels of Logic = 2)
  Source:            AVR/cclk_detector/ctr_q_4 (FF)
  Destination:       AVR/cclk_detector/ctr_q_9 (FF)
  Source Clock:      clk rising
  Destination Clock: clk rising

  Data Path: AVR/cclk_detector/ctr_q_4 to AVR/cclk_detector/ctr_q_9
                                Gate     Net
    Cell:in->out      fanout   Delay   Delay  Logical Name (Net Name)
    ----------------------------------------  ------------
     FDRE:C->Q             2   0.447   0.961  AVR/cclk_detector/ctr_q_4 (AVR/cclk_detector/ctr_q_4)
     LUT5:I0->O            2   0.203   0.617  AVR/cclk_detector/ctr_q[9]_INV_5_o<9>_SW0 (N2)
     LUT6:I5->O           10   0.205   0.856  AVR/cclk_detector/ctr_q[9]_INV_5_o_inv1 (AVR/cclk_detector/ctr_q[9]_INV_5_o_inv)
     FDRE:CE                   0.322          AVR/cclk_detector/ctr_q_0
    ----------------------------------------
    Total                      3.611ns (1.177ns logic, 2.434ns route)
                                       (32.6% logic, 67.4% route)

=========================================================================
Timing constraint: Default OFFSET IN BEFORE for Clock 'clk'
  Total number of paths / destination ports: 15 / 15
-------------------------------------------------------------------------
Offset:              3.330ns (Levels of Logic = 2)
  Source:            cclk (PAD)
  Destination:       AVR/cclk_detector/ctr_q_9 (FF)
  Destination Clock: clk rising

  Data Path: cclk to AVR/cclk_detector/ctr_q_9
                                Gate     Net
    Cell:in->out      fanout   Delay   Delay  Logical Name (Net Name)
    ----------------------------------------  ------------
     IBUF:I->O             2   1.222   0.616  cclk_IBUF (cclk_IBUF)
     INV:I->O             10   0.206   0.856  AVR/cclk_detector/cclk_inv1_INV_0 (AVR/cclk_detector/cclk_inv)
     FDRE:R                    0.430          AVR/cclk_detector/ctr_q_0
    ----------------------------------------
    Total                      3.330ns (1.858ns logic, 1.472ns route)
                                       (55.8% logic, 44.2% route)

=========================================================================
Timing constraint: Default OFFSET OUT AFTER for Clock 'clk'
  Total number of paths / destination ports: 23 / 22
-------------------------------------------------------------------------
Offset:              4.945ns (Levels of Logic = 2)
  Source:            AVR/cclk_detector/ready_q (FF)
  Destination:       spi_channel<3> (PAD)
  Source Clock:      clk rising

  Data Path: AVR/cclk_detector/ready_q to spi_channel<3>
                                Gate     Net
    Cell:in->out      fanout   Delay   Delay  Logical Name (Net Name)
    ----------------------------------------  ------------
     FD:C->Q               3   0.447   0.650  AVR/cclk_detector/ready_q (AVR/cclk_detector/ready_q)
     INV:I->O             19   0.206   1.071  AVR/n_rdy1_INV_0 (AVR/n_rdy)
     OBUFT:T->O                2.571          spi_channel_3_OBUFT (spi_channel<3>)
    ----------------------------------------
    Total                      4.945ns (3.224ns logic, 1.721ns route)
                                       (65.2% logic, 34.8% route)

=========================================================================
Timing constraint: Default path analysis
  Total number of paths / destination ports: 1 / 1
-------------------------------------------------------------------------
Delay:               5.296ns (Levels of Logic = 3)
  Source:            spi_ss (PAD)
  Destination:       spi_miso (PAD)

  Data Path: spi_ss to spi_miso
                                Gate     Net
    Cell:in->out      fanout   Delay   Delay  Logical Name (Net Name)
    ----------------------------------------  ------------
     IBUF:I->O             2   1.222   0.721  spi_ss_IBUF (spi_ss_IBUF)
     LUT2:I0->O            1   0.203   0.579  AVR/ready_spi_ss_AND_3_o_inv1 (AVR/ready_spi_ss_AND_3_o_inv)
     OBUFT:T->O                2.571          spi_miso_OBUFT (spi_miso)
    ----------------------------------------
    Total                      5.296ns (3.996ns logic, 1.300ns route)
                                       (75.5% logic, 24.5% route)

=========================================================================

Cross Clock Domains Report:
--------------------------

Clock to Setup on destination clock clk
---------------+---------+---------+---------+---------+
               | Src:Rise| Src:Fall| Src:Rise| Src:Fall|
Source Clock   |Dest:Rise|Dest:Rise|Dest:Fall|Dest:Fall|
---------------+---------+---------+---------+---------+
clk            |    3.611|         |         |         |
---------------+---------+---------+---------+---------+

=========================================================================


Total REAL time to Xst completion: 6.00 secs
Total CPU time to Xst completion: 4.76 secs
 
--> 


Total memory usage is 389320 kilobytes

Number of errors   :    0 (   0 filtered)
Number of warnings :   84 (   0 filtered)
Number of infos    :    6 (   0 filtered)

