11:10:02 **** Build of project LAPPDKrang_bsp ****
make -k all 
Running Make include in microblaze_0/libsrc/cpu_v2_6/src
make -C microblaze_0/libsrc/cpu_v2_6/src -s include  "SHELL=/bin/sh" "COMPILER=mb-gcc" "ARCHIVER=mb-ar" "COMPILER_FLAGS= -O2 -c -mcpu=v10.0 -mlittle-endian -mxl-soft-mul" "EXTRA_COMPILER_FLAGS=-ffunction-sections -fdata-sections -Wall -Wextra"
Running Make include in microblaze_0/libsrc/bram_v4_2/src
make -C microblaze_0/libsrc/bram_v4_2/src -s include  "SHELL=/bin/sh" "COMPILER=mb-gcc" "ARCHIVER=mb-ar" "COMPILER_FLAGS= -O2 -c -mcpu=v10.0 -mlittle-endian -mxl-soft-mul" "EXTRA_COMPILER_FLAGS=-ffunction-sections -fdata-sections -Wall -Wextra"
Running Make include in microblaze_0/libsrc/standalone_v6_6/src
make -C microblaze_0/libsrc/standalone_v6_6/src -s include  "SHELL=/bin/sh" "COMPILER=mb-gcc" "ARCHIVER=mb-ar" "COMPILER_FLAGS= -O2 -c -mcpu=v10.0 -mlittle-endian -mxl-soft-mul" "EXTRA_COMPILER_FLAGS=-ffunction-sections -fdata-sections -Wall -Wextra"
Running Make include in microblaze_0/libsrc/iomodule_v2_5/src
make -C microblaze_0/libsrc/iomodule_v2_5/src -s include  "SHELL=/bin/sh" "COMPILER=mb-gcc" "ARCHIVER=mb-ar" "COMPILER_FLAGS= -O2 -c -mcpu=v10.0 -mlittle-endian -mxl-soft-mul" "EXTRA_COMPILER_FLAGS=-ffunction-sections -fdata-sections -Wall -Wextra"
Running Make libs in microblaze_0/libsrc/cpu_v2_6/src
make -C microblaze_0/libsrc/cpu_v2_6/src -s libs  "SHELL=/bin/sh" "COMPILER=mb-gcc" "ARCHIVER=mb-ar" "COMPILER_FLAGS= -O2 -c -mcpu=v10.0 -mlittle-endian -mxl-soft-mul" "EXTRA_COMPILER_FLAGS=-ffunction-sections -fdata-sections -Wall -Wextra"
Compiling cpu
mb-ar: creating ../../../lib/libxil.a
Running Make libs in microblaze_0/libsrc/bram_v4_2/src
make -C microblaze_0/libsrc/bram_v4_2/src -s libs  "SHELL=/bin/sh" "COMPILER=mb-gcc" "ARCHIVER=mb-ar" "COMPILER_FLAGS= -O2 -c -mcpu=v10.0 -mlittle-endian -mxl-soft-mul" "EXTRA_COMPILER_FLAGS=-ffunction-sections -fdata-sections -Wall -Wextra"
Compiling bram
Running Make libs in microblaze_0/libsrc/standalone_v6_6/src
make -C microblaze_0/libsrc/standalone_v6_6/src -s libs  "SHELL=/bin/sh" "COMPILER=mb-gcc" "ARCHIVER=mb-ar" "COMPILER_FLAGS= -O2 -c -mcpu=v10.0 -mlittle-endian -mxl-soft-mul" "EXTRA_COMPILER_FLAGS=-ffunction-sections -fdata-sections -Wall -Wextra"
Compiling standalone
microblaze_sleep.c:74:9: note: #pragma message: For the sleep routines, assembly instructions are used
 #pragma message ("For the sleep routines, assembly instructions are used")
         ^~~~~~~
Running Make libs in microblaze_0/libsrc/iomodule_v2_5/src
make -C microblaze_0/libsrc/iomodule_v2_5/src -s libs  "SHELL=/bin/sh" "COMPILER=mb-gcc" "ARCHIVER=mb-ar" "COMPILER_FLAGS= -O2 -c -mcpu=v10.0 -mlittle-endian -mxl-soft-mul" "EXTRA_COMPILER_FLAGS=-ffunction-sections -fdata-sections -Wall -Wextra"
Compiling iomodule
xiomodule.c: In function 'XIOModule_Initialize':
xiomodule.c:170:18: warning: comparison is always false due to limited range of data type [-Wtype-limits]
  for (Id = 0; Id < XPAR_IOMODULE_INTC_MAX_INTR_SIZE; Id++) {
                  ^
xiomodule.c:216:19: warning: comparison is always false due to limited range of data type [-Wtype-limits]
   for (Id = 0; Id < XPAR_IOMODULE_INTC_MAX_INTR_SIZE; Id++) {
                   ^
In file included from ../../../include/xstatus.h:55:0,
                 from xiomodule.h:265,
                 from xiomodule.c:60:
xiomodule.c: In function 'XIOModule_Connect':
xiomodule.c:344:23: warning: comparison is always false due to limited range of data type [-Wtype-limits]
  Xil_AssertNonvoid(Id < XPAR_IOMODULE_INTC_MAX_INTR_SIZE);
                       ^
../../../include/xil_assert.h:132:9: note: in definition of macro 'Xil_AssertNonvoid'
     if (Expression) {                              \
         ^~~~~~~~~~
xiomodule.c: In function 'XIOModule_Disconnect':
xiomodule.c:384:20: warning: comparison is always false due to limited range of data type [-Wtype-limits]
  Xil_AssertVoid(Id < XPAR_IOMODULE_INTC_MAX_INTR_SIZE);
                    ^
../../../include/xil_assert.h:107:9: note: in definition of macro 'Xil_AssertVoid'
     if (Expression) {                              \
         ^~~~~~~~~~
xiomodule.c: In function 'XIOModule_Enable':
xiomodule.c:434:20: warning: comparison is always false due to limited range of data type [-Wtype-limits]
  Xil_AssertVoid(Id < XPAR_IOMODULE_INTC_MAX_INTR_SIZE);
                    ^
../../../include/xil_assert.h:107:9: note: in definition of macro 'Xil_AssertVoid'
     if (Expression) {                              \
         ^~~~~~~~~~
xiomodule.c: In function 'XIOModule_Disable':
xiomodule.c:480:20: warning: comparison is always false due to limited range of data type [-Wtype-limits]
  Xil_AssertVoid(Id < XPAR_IOMODULE_INTC_MAX_INTR_SIZE);
                    ^
../../../include/xil_assert.h:107:9: note: in definition of macro 'Xil_AssertVoid'
     if (Expression) {                              \
         ^~~~~~~~~~
xiomodule.c: In function 'XIOModule_Acknowledge':
xiomodule.c:524:20: warning: comparison is always false due to limited range of data type [-Wtype-limits]
  Xil_AssertVoid(Id < XPAR_IOMODULE_INTC_MAX_INTR_SIZE);
                    ^
../../../include/xil_assert.h:107:9: note: in definition of macro 'Xil_AssertVoid'
     if (Expression) {                              \
         ^~~~~~~~~~
xiomodule.c: In function 'XIOModule_ConnectFastHandler':
xiomodule.c:629:23: warning: comparison is always false due to limited range of data type [-Wtype-limits]
  Xil_AssertNonvoid(Id < XPAR_IOMODULE_INTC_MAX_INTR_SIZE);
                       ^
../../../include/xil_assert.h:132:9: note: in definition of macro 'Xil_AssertNonvoid'
     if (Expression) {                              \
         ^~~~~~~~~~
xiomodule.c: In function 'XIOModule_SetNormalIntrMode':
xiomodule.c:705:20: warning: comparison is always false due to limited range of data type [-Wtype-limits]
  Xil_AssertVoid(Id < XPAR_IOMODULE_INTC_MAX_INTR_SIZE);
                    ^
../../../include/xil_assert.h:107:9: note: in definition of macro 'Xil_AssertVoid'
     if (Expression) {                              \
         ^~~~~~~~~~
xiomodule_l.c: In function 'XIOModule_DeviceInterruptHandler':
xiomodule_l.c:168:35: warning: comparison of unsigned expression < 0 is always false [-Wtype-limits]
  for (IntrNumber = 0U; IntrNumber < XPAR_IOMODULE_INTC_MAX_INTR_SIZE;
                                   ^
xiomodule_l.c:153:15: warning: variable 'Register' set but not used [-Wunused-but-set-variable]
  volatile u32 Register;   /* used as bit bucket */
               ^~~~~~~~
Finished building libraries
11:10:03 **** Build of configuration Debug for project LAPPDKrang ****
make all 
Building file: ../src/helloworld.c
Invoking: MicroBlaze gcc compiler
mb-gcc -Wall -O0 -g3 -c -fmessage-length=0 -MT"src/helloworld.o" -I../../LAPPDKrang_bsp/microblaze_0/include -mlittle-endian -mcpu=v10.0 -mxl-soft-mul -Wl,--no-relax -ffunction-sections -fdata-sections -MMD -MP -MF"src/helloworld.d" -MT"src/helloworld.o" -o "src/helloworld.o" "../src/helloworld.c"
Finished building: ../src/helloworld.c
 
Building file: ../src/platform.c
Invoking: MicroBlaze gcc compiler
mb-gcc -Wall -O0 -g3 -c -fmessage-length=0 -MT"src/platform.o" -I../../LAPPDKrang_bsp/microblaze_0/include -mlittle-endian -mcpu=v10.0 -mxl-soft-mul -Wl,--no-relax -ffunction-sections -fdata-sections -MMD -MP -MF"src/platform.d" -MT"src/platform.o" -o "src/platform.o" "../src/platform.c"
Finished building: ../src/platform.c
 
Building target: LAPPDKrang.elf
Invoking: MicroBlaze gcc linker
mb-gcc -Wl,-T -Wl,../src/lscript.ld -L../../LAPPDKrang_bsp/microblaze_0/lib -mlittle-endian -mcpu=v10.0 -mxl-soft-mul -Wl,--no-relax -Wl,--gc-sections -o "LAPPDKrang.elf"  ./src/helloworld.o ./src/platform.o   -Wl,--start-group,-lxil,-lgcc,-lc,--end-group
Finished building target: LAPPDKrang.elf
 
Invoking: MicroBlaze Print Size
mb-size LAPPDKrang.elf  |tee "LAPPDKrang.elf.size"
   text	   data	    bss	    dec	    hex	filename
   2712	    268	   3108	   6088	   17c8	LAPPDKrang.elf
Finished building: LAPPDKrang.elf.size
 
11:10:41 **** Auto Build of configuration Debug for project LAPPDKrang ****
make all 
Building file: ../src/helloworld.c
Invoking: MicroBlaze gcc compiler
mb-gcc -Wall -O0 -g3 -c -fmessage-length=0 -MT"src/helloworld.o" -I../../LAPPDKrang_bsp/microblaze_0/include -mlittle-endian -mcpu=v10.0 -mxl-soft-mul -Wl,--no-relax -ffunction-sections -fdata-sections -MMD -MP -MF"src/helloworld.d" -MT"src/helloworld.o" -o "src/helloworld.o" "../src/helloworld.c"
../src/helloworld.c: In function 'main':
../src/helloworld.c:48:9: warning: unused variable 'charsPrinted' [-Wunused-variable]
   char8 charsPrinted = 0;
         ^~~~~~~~~~~~
Finished building: ../src/helloworld.c
 
Building target: LAPPDKrang.elf
Invoking: MicroBlaze gcc linker
mb-gcc -Wl,-T -Wl,../src/lscript.ld -L../../LAPPDKrang_bsp/microblaze_0/lib -mlittle-endian -mcpu=v10.0 -mxl-soft-mul -Wl,--no-relax -Wl,--gc-sections -o "LAPPDKrang.elf"  ./src/helloworld.o ./src/platform.o   -Wl,--start-group,-lxil,-lgcc,-lc,--end-group
Finished building target: LAPPDKrang.elf
 
Invoking: MicroBlaze Print Size
mb-size LAPPDKrang.elf  |tee "LAPPDKrang.elf.size"
   text	   data	    bss	    dec	    hex	filename
   4668	    268	   3112	   8048	   1f70	LAPPDKrang.elf
Finished building: LAPPDKrang.elf.size
 
11:11:02 **** Incremental Build of configuration Debug for project LAPPDKrang ****
make all 
make: Nothing to be done for 'all'.
11:30:53 **** Incremental Build of configuration Debug for project LAPPDKrang ****
make all 
make: Nothing to be done for 'all'.
11:33:06 **** Auto Build of configuration Debug for project LAPPDKrang ****
make all 
Building file: ../src/helloworld.c
Invoking: MicroBlaze gcc compiler
mb-gcc -Wall -O0 -g3 -c -fmessage-length=0 -MT"src/helloworld.o" -I../../LAPPDKrang_bsp/microblaze_0/include -mlittle-endian -mcpu=v10.0 -mxl-soft-mul -Wl,--no-relax -ffunction-sections -fdata-sections -MMD -MP -MF"src/helloworld.d" -MT"src/helloworld.o" -o "src/helloworld.o" "../src/helloworld.c"
../src/helloworld.c: In function 'main':
../src/helloworld.c:48:9: warning: unused variable 'charsPrinted' [-Wunused-variable]
   char8 charsPrinted = 0;
         ^~~~~~~~~~~~
Finished building: ../src/helloworld.c
 
Building target: LAPPDKrang.elf
Invoking: MicroBlaze gcc linker
mb-gcc -Wl,-T -Wl,../src/lscript.ld -L../../LAPPDKrang_bsp/microblaze_0/lib -mlittle-endian -mcpu=v10.0 -mxl-soft-mul -Wl,--no-relax -Wl,--gc-sections -o "LAPPDKrang.elf"  ./src/helloworld.o ./src/platform.o   -Wl,--start-group,-lxil,-lgcc,-lc,--end-group
Finished building target: LAPPDKrang.elf
 
Invoking: MicroBlaze Print Size
mb-size LAPPDKrang.elf  |tee "LAPPDKrang.elf.size"
   text	   data	    bss	    dec	    hex	filename
   4668	    268	   3112	   8048	   1f70	LAPPDKrang.elf
Finished building: LAPPDKrang.elf.size
 
11:33:21 **** Incremental Build of configuration Debug for project LAPPDKrang ****
make all 
make: Nothing to be done for 'all'.
11:34:04 **** Auto Build of configuration Debug for project LAPPDKrang ****
make all 
Building file: ../src/helloworld.c
Invoking: MicroBlaze gcc compiler
mb-gcc -Wall -O0 -g3 -c -fmessage-length=0 -MT"src/helloworld.o" -I../../LAPPDKrang_bsp/microblaze_0/include -mlittle-endian -mcpu=v10.0 -mxl-soft-mul -Wl,--no-relax -ffunction-sections -fdata-sections -MMD -MP -MF"src/helloworld.d" -MT"src/helloworld.o" -o "src/helloworld.o" "../src/helloworld.c"
../src/helloworld.c: In function 'main':
../src/helloworld.c:48:9: warning: unused variable 'charsPrinted' [-Wunused-variable]
   char8 charsPrinted = 0;
         ^~~~~~~~~~~~
Finished building: ../src/helloworld.c
 
Building target: LAPPDKrang.elf
Invoking: MicroBlaze gcc linker
mb-gcc -Wl,-T -Wl,../src/lscript.ld -L../../LAPPDKrang_bsp/microblaze_0/lib -mlittle-endian -mcpu=v10.0 -mxl-soft-mul -Wl,--no-relax -Wl,--gc-sections -o "LAPPDKrang.elf"  ./src/helloworld.o ./src/platform.o   -Wl,--start-group,-lxil,-lgcc,-lc,--end-group
Finished building target: LAPPDKrang.elf
 
Invoking: MicroBlaze Print Size
mb-size LAPPDKrang.elf  |tee "LAPPDKrang.elf.size"
   text	   data	    bss	    dec	    hex	filename
   4668	    268	   3112	   8048	   1f70	LAPPDKrang.elf
Finished building: LAPPDKrang.elf.size
 
11:34:27 **** Incremental Build of configuration Debug for project LAPPDKrang ****
make all 
make: Nothing to be done for 'all'.
11:40:21 **** Incremental Build of configuration Debug for project LAPPDKrang ****
make all 
make: Nothing to be done for 'all'.
11:41:27 **** Incremental Build of configuration Debug for project LAPPDKrang ****
make all 
make: Nothing to be done for 'all'.
11:45:36 **** Incremental Build of configuration Debug for project LAPPDKrang ****
make all 
make: Nothing to be done for 'all'.
10:48:24 **** Auto Build of project LAPPDKrang_bsp ****
make -k all 
Running Make include in microblaze_0/libsrc/cpu_v2_6/src
make -C microblaze_0/libsrc/cpu_v2_6/src -s include  "SHELL=/bin/sh" "COMPILER=mb-gcc" "ARCHIVER=mb-ar" "COMPILER_FLAGS= -O2 -c -mcpu=v10.0 -mlittle-endian -mxl-soft-mul" "EXTRA_COMPILER_FLAGS=-ffunction-sections -fdata-sections -Wall -Wextra"
Running Make include in microblaze_0/libsrc/bram_v4_2/src
make -C microblaze_0/libsrc/bram_v4_2/src -s include  "SHELL=/bin/sh" "COMPILER=mb-gcc" "ARCHIVER=mb-ar" "COMPILER_FLAGS= -O2 -c -mcpu=v10.0 -mlittle-endian -mxl-soft-mul" "EXTRA_COMPILER_FLAGS=-ffunction-sections -fdata-sections -Wall -Wextra"
Running Make include in microblaze_0/libsrc/standalone_v6_6/src
make -C microblaze_0/libsrc/standalone_v6_6/src -s include  "SHELL=/bin/sh" "COMPILER=mb-gcc" "ARCHIVER=mb-ar" "COMPILER_FLAGS= -O2 -c -mcpu=v10.0 -mlittle-endian -mxl-soft-mul" "EXTRA_COMPILER_FLAGS=-ffunction-sections -fdata-sections -Wall -Wextra"
Running Make include in microblaze_0/libsrc/iomodule_v2_5/src
make -C microblaze_0/libsrc/iomodule_v2_5/src -s include  "SHELL=/bin/sh" "COMPILER=mb-gcc" "ARCHIVER=mb-ar" "COMPILER_FLAGS= -O2 -c -mcpu=v10.0 -mlittle-endian -mxl-soft-mul" "EXTRA_COMPILER_FLAGS=-ffunction-sections -fdata-sections -Wall -Wextra"
Running Make libs in microblaze_0/libsrc/cpu_v2_6/src
make -C microblaze_0/libsrc/cpu_v2_6/src -s libs  "SHELL=/bin/sh" "COMPILER=mb-gcc" "ARCHIVER=mb-ar" "COMPILER_FLAGS= -O2 -c -mcpu=v10.0 -mlittle-endian -mxl-soft-mul" "EXTRA_COMPILER_FLAGS=-ffunction-sections -fdata-sections -Wall -Wextra"
Compiling cpu
mb-ar: creating ../../../lib/libxil.a
Running Make libs in microblaze_0/libsrc/bram_v4_2/src
make -C microblaze_0/libsrc/bram_v4_2/src -s libs  "SHELL=/bin/sh" "COMPILER=mb-gcc" "ARCHIVER=mb-ar" "COMPILER_FLAGS= -O2 -c -mcpu=v10.0 -mlittle-endian -mxl-soft-mul" "EXTRA_COMPILER_FLAGS=-ffunction-sections -fdata-sections -Wall -Wextra"
Compiling bram
Running Make libs in microblaze_0/libsrc/standalone_v6_6/src
make -C microblaze_0/libsrc/standalone_v6_6/src -s libs  "SHELL=/bin/sh" "COMPILER=mb-gcc" "ARCHIVER=mb-ar" "COMPILER_FLAGS= -O2 -c -mcpu=v10.0 -mlittle-endian -mxl-soft-mul" "EXTRA_COMPILER_FLAGS=-ffunction-sections -fdata-sections -Wall -Wextra"
Compiling standalone
microblaze_sleep.c:74:9: note: #pragma message: For the sleep routines, assembly instructions are used
 #pragma message ("For the sleep routines, assembly instructions are used")
         ^~~~~~~
Running Make libs in microblaze_0/libsrc/iomodule_v2_5/src
make -C microblaze_0/libsrc/iomodule_v2_5/src -s libs  "SHELL=/bin/sh" "COMPILER=mb-gcc" "ARCHIVER=mb-ar" "COMPILER_FLAGS= -O2 -c -mcpu=v10.0 -mlittle-endian -mxl-soft-mul" "EXTRA_COMPILER_FLAGS=-ffunction-sections -fdata-sections -Wall -Wextra"
Compiling iomodule
xiomodule.c: In function 'XIOModule_Initialize':
xiomodule.c:170:18: warning: comparison is always false due to limited range of data type [-Wtype-limits]
  for (Id = 0; Id < XPAR_IOMODULE_INTC_MAX_INTR_SIZE; Id++) {
                  ^
xiomodule.c:216:19: warning: comparison is always false due to limited range of data type [-Wtype-limits]
   for (Id = 0; Id < XPAR_IOMODULE_INTC_MAX_INTR_SIZE; Id++) {
                   ^
In file included from ../../../include/xstatus.h:55:0,
                 from xiomodule.h:265,
                 from xiomodule.c:60:
xiomodule.c: In function 'XIOModule_Connect':
xiomodule.c:344:23: warning: comparison is always false due to limited range of data type [-Wtype-limits]
  Xil_AssertNonvoid(Id < XPAR_IOMODULE_INTC_MAX_INTR_SIZE);
                       ^
../../../include/xil_assert.h:132:9: note: in definition of macro 'Xil_AssertNonvoid'
     if (Expression) {                              \
         ^~~~~~~~~~
xiomodule.c: In function 'XIOModule_Disconnect':
xiomodule.c:384:20: warning: comparison is always false due to limited range of data type [-Wtype-limits]
  Xil_AssertVoid(Id < XPAR_IOMODULE_INTC_MAX_INTR_SIZE);
                    ^
../../../include/xil_assert.h:107:9: note: in definition of macro 'Xil_AssertVoid'
     if (Expression) {                              \
         ^~~~~~~~~~
xiomodule.c: In function 'XIOModule_Enable':
xiomodule.c:434:20: warning: comparison is always false due to limited range of data type [-Wtype-limits]
  Xil_AssertVoid(Id < XPAR_IOMODULE_INTC_MAX_INTR_SIZE);
                    ^
../../../include/xil_assert.h:107:9: note: in definition of macro 'Xil_AssertVoid'
     if (Expression) {                              \
         ^~~~~~~~~~
xiomodule.c: In function 'XIOModule_Disable':
xiomodule.c:480:20: warning: comparison is always false due to limited range of data type [-Wtype-limits]
  Xil_AssertVoid(Id < XPAR_IOMODULE_INTC_MAX_INTR_SIZE);
                    ^
../../../include/xil_assert.h:107:9: note: in definition of macro 'Xil_AssertVoid'
     if (Expression) {                              \
         ^~~~~~~~~~
xiomodule.c: In function 'XIOModule_Acknowledge':
xiomodule.c:524:20: warning: comparison is always false due to limited range of data type [-Wtype-limits]
  Xil_AssertVoid(Id < XPAR_IOMODULE_INTC_MAX_INTR_SIZE);
                    ^
../../../include/xil_assert.h:107:9: note: in definition of macro 'Xil_AssertVoid'
     if (Expression) {                              \
         ^~~~~~~~~~
xiomodule.c: In function 'XIOModule_ConnectFastHandler':
xiomodule.c:629:23: warning: comparison is always false due to limited range of data type [-Wtype-limits]
  Xil_AssertNonvoid(Id < XPAR_IOMODULE_INTC_MAX_INTR_SIZE);
                       ^
../../../include/xil_assert.h:132:9: note: in definition of macro 'Xil_AssertNonvoid'
     if (Expression) {                              \
         ^~~~~~~~~~
xiomodule.c: In function 'XIOModule_SetNormalIntrMode':
xiomodule.c:705:20: warning: comparison is always false due to limited range of data type [-Wtype-limits]
  Xil_AssertVoid(Id < XPAR_IOMODULE_INTC_MAX_INTR_SIZE);
                    ^
../../../include/xil_assert.h:107:9: note: in definition of macro 'Xil_AssertVoid'
     if (Expression) {                              \
         ^~~~~~~~~~
xiomodule_l.c: In function 'XIOModule_DeviceInterruptHandler':
xiomodule_l.c:168:35: warning: comparison of unsigned expression < 0 is always false [-Wtype-limits]
  for (IntrNumber = 0U; IntrNumber < XPAR_IOMODULE_INTC_MAX_INTR_SIZE;
                                   ^
xiomodule_l.c:153:15: warning: variable 'Register' set but not used [-Wunused-but-set-variable]
  volatile u32 Register;   /* used as bit bucket */
               ^~~~~~~~
Finished building libraries
10:48:25 **** Auto Build of configuration Debug for project LAPPDKrang ****
make all 
Building file: ../src/helloworld.c
Invoking: MicroBlaze gcc compiler
mb-gcc -Wall -O0 -g3 -c -fmessage-length=0 -MT"src/helloworld.o" -I../../LAPPDKrang_bsp/microblaze_0/include -mlittle-endian -mcpu=v10.0 -mxl-soft-mul -Wl,--no-relax -ffunction-sections -fdata-sections -MMD -MP -MF"src/helloworld.d" -MT"src/helloworld.o" -o "src/helloworld.o" "../src/helloworld.c"
../src/helloworld.c: In function 'main':
../src/helloworld.c:48:9: warning: unused variable 'charsPrinted' [-Wunused-variable]
   char8 charsPrinted = 0;
         ^~~~~~~~~~~~
Finished building: ../src/helloworld.c
 
Building file: ../src/platform.c
Invoking: MicroBlaze gcc compiler
mb-gcc -Wall -O0 -g3 -c -fmessage-length=0 -MT"src/platform.o" -I../../LAPPDKrang_bsp/microblaze_0/include -mlittle-endian -mcpu=v10.0 -mxl-soft-mul -Wl,--no-relax -ffunction-sections -fdata-sections -MMD -MP -MF"src/platform.d" -MT"src/platform.o" -o "src/platform.o" "../src/platform.c"
Finished building: ../src/platform.c
 
Building target: LAPPDKrang.elf
Invoking: MicroBlaze gcc linker
mb-gcc -Wl,-T -Wl,../src/lscript.ld -L../../LAPPDKrang_bsp/microblaze_0/lib -mlittle-endian -mcpu=v10.0 -mxl-soft-mul -Wl,--no-relax -Wl,--gc-sections -o "LAPPDKrang.elf"  ./src/helloworld.o ./src/platform.o   -Wl,--start-group,-lxil,-lgcc,-lc,--end-group
Finished building target: LAPPDKrang.elf
 
Invoking: MicroBlaze Print Size
mb-size LAPPDKrang.elf  |tee "LAPPDKrang.elf.size"
   text	   data	    bss	    dec	    hex	filename
   4668	    268	   3112	   8048	   1f70	LAPPDKrang.elf
Finished building: LAPPDKrang.elf.size
 
10:50:42 **** Incremental Build of configuration Debug for project LAPPDKrang ****
make all 
make: Nothing to be done for 'all'.
10:54:22 **** Auto Build of configuration Debug for project LAPPDKrang ****
make all 
Building file: ../src/helloworld.c
Invoking: MicroBlaze gcc compiler
mb-gcc -Wall -O0 -g3 -c -fmessage-length=0 -MT"src/helloworld.o" -I../../LAPPDKrang_bsp/microblaze_0/include -mlittle-endian -mcpu=v10.0 -mxl-soft-mul -Wl,--no-relax -ffunction-sections -fdata-sections -MMD -MP -MF"src/helloworld.d" -MT"src/helloworld.o" -o "src/helloworld.o" "../src/helloworld.c"
../src/helloworld.c: In function 'main':
../src/helloworld.c:48:9: warning: unused variable 'charsPrinted' [-Wunused-variable]
   char8 charsPrinted = 0;
         ^~~~~~~~~~~~
Finished building: ../src/helloworld.c
 
Building target: LAPPDKrang.elf
Invoking: MicroBlaze gcc linker
mb-gcc -Wl,-T -Wl,../src/lscript.ld -L../../LAPPDKrang_bsp/microblaze_0/lib -mlittle-endian -mcpu=v10.0 -mxl-soft-mul -Wl,--no-relax -Wl,--gc-sections -o "LAPPDKrang.elf"  ./src/helloworld.o ./src/platform.o   -Wl,--start-group,-lxil,-lgcc,-lc,--end-group
Finished building target: LAPPDKrang.elf
 
Invoking: MicroBlaze Print Size
mb-size LAPPDKrang.elf  |tee "LAPPDKrang.elf.size"
   text	   data	    bss	    dec	    hex	filename
   4708	    268	   3112	   8088	   1f98	LAPPDKrang.elf
Finished building: LAPPDKrang.elf.size
 
10:54:28 **** Incremental Build of configuration Debug for project LAPPDKrang ****
make all 
make: Nothing to be done for 'all'.
11:06:54 **** Auto Build of configuration Debug for project LAPPDKrang ****
make all 
Building file: ../src/helloworld.c
Invoking: MicroBlaze gcc compiler
mb-gcc -Wall -O0 -g3 -c -fmessage-length=0 -MT"src/helloworld.o" -I../../LAPPDKrang_bsp/microblaze_0/include -mlittle-endian -mcpu=v10.0 -mxl-soft-mul -Wl,--no-relax -ffunction-sections -fdata-sections -MMD -MP -MF"src/helloworld.d" -MT"src/helloworld.o" -o "src/helloworld.o" "../src/helloworld.c"
../src/helloworld.c: In function 'main':
../src/helloworld.c:48:9: warning: unused variable 'charsPrinted' [-Wunused-variable]
   char8 charsPrinted = 0;
         ^~~~~~~~~~~~
Finished building: ../src/helloworld.c
 
Building target: LAPPDKrang.elf
Invoking: MicroBlaze gcc linker
mb-gcc -Wl,-T -Wl,../src/lscript.ld -L../../LAPPDKrang_bsp/microblaze_0/lib -mlittle-endian -mcpu=v10.0 -mxl-soft-mul -Wl,--no-relax -Wl,--gc-sections -o "LAPPDKrang.elf"  ./src/helloworld.o ./src/platform.o   -Wl,--start-group,-lxil,-lgcc,-lc,--end-group
Finished building target: LAPPDKrang.elf
 
Invoking: MicroBlaze Print Size
mb-size LAPPDKrang.elf  |tee "LAPPDKrang.elf.size"
   text	   data	    bss	    dec	    hex	filename
   4660	    268	   3112	   8040	   1f68	LAPPDKrang.elf
Finished building: LAPPDKrang.elf.size
 
11:06:59 **** Incremental Build of configuration Debug for project LAPPDKrang ****
make all 
make: Nothing to be done for 'all'.
11:10:07 **** Incremental Build of configuration Debug for project LAPPDKrang ****
make all 
make: Nothing to be done for 'all'.
19:13:03 **** Auto Build of configuration Debug for project LAPPDKrang ****
make all 
Building file: ../src/helloworld.c
Invoking: MicroBlaze gcc compiler
mb-gcc -Wall -O0 -g3 -c -fmessage-length=0 -MT"src/helloworld.o" -I../../LAPPDKrang_bsp/microblaze_0/include -mlittle-endian -mcpu=v10.0 -mxl-soft-mul -Wl,--no-relax -ffunction-sections -fdata-sections -MMD -MP -MF"src/helloworld.d" -MT"src/helloworld.o" -o "src/helloworld.o" "../src/helloworld.c"
../src/helloworld.c: In function 'socket':
../src/helloworld.c:83:16: error: 'AF_INET' undeclared (first use in this function); did you mean 'F_CNVT'?
   if(domain != AF_INET) {
                ^~~~~~~
                F_CNVT
../src/helloworld.c:83:16: note: each undeclared identifier is reported only once for each function it appears in
../src/helloworld.c:89:14: error: 'SOCK_DRGAM' undeclared (first use in this function)
   if(type != SOCK_DRGAM) {
              ^~~~~~~~~~
../src/helloworld.c:101:7: error: 'i' undeclared (first use in this function)
   for(i = 0; i < MAX_PORTS; ++i) {
       ^
../src/helloworld.c:101:18: error: 'MAX_PORTS' undeclared (first use in this function)
   for(i = 0; i < MAX_PORTS; ++i) {
                  ^~~~~~~~~
../src/helloworld.c:102:9: error: 'socket_buffers' undeclared (first use in this function); did you mean 'setbuffer'?
     if(!socket_buffers[i])
         ^~~~~~~~~~~~~~
         setbuffer
../src/helloworld.c:114:34: warning: implicit declaration of function 'malloc' [-Wimplicit-function-declaration]
   if(!(sockets[i].buffer = (u8 *)malloc(SOCKET_MIN_ALLOCATION)))
                                  ^~~~~~
../src/helloworld.c:114:34: warning: incompatible implicit declaration of built-in function 'malloc'
../src/helloworld.c:114:34: note: include '<stdlib.h>' or provide a declaration of 'malloc'
../src/helloworld.c:114:41: error: 'SOCKET_MIN_ALLOCATION' undeclared (first use in this function)
   if(!(sockets[i].buffer = (u8 *)malloc(SOCKET_MIN_ALLOCATION)))
                                         ^~~~~~~~~~~~~~~~~~~~~
../src/helloworld.c: In function 'close_socket':
../src/helloworld.c:132:7: error: 'socket_buffers' undeclared (first use in this function); did you mean 'setbuffer'?
   if(!socket_buffers[socket_fd]) {
       ^~~~~~~~~~~~~~
       setbuffer
../src/helloworld.c:138:3: warning: implicit declaration of function 'free' [-Wimplicit-function-declaration]
   free(socket_buffers[socket_fd]);
   ^~~~
../src/helloworld.c:138:3: warning: incompatible implicit declaration of built-in function 'free'
../src/helloworld.c:138:3: note: include '<stdlib.h>' or provide a declaration of 'free'
../src/helloworld.c: At top level:
../src/helloworld.c:153:51: error: unknown type name 'socklen_t'
 int bind(int sockfd, const struct sockaddr *addr, socklen_t addrlen) {
                                                   ^~~~~~~~~
../src/helloworld.c: In function 'main':
../src/helloworld.c:171:9: warning: unused variable 'charsPrinted' [-Wunused-variable]
   char8 charsPrinted = 0;
         ^~~~~~~~~~~~
../src/helloworld.c: In function 'socket':
../src/helloworld.c:124:1: warning: control reaches end of non-void function [-Wreturn-type]
 }
 ^
src/subdir.mk:24: recipe for target 'src/helloworld.o' failed
make: *** [src/helloworld.o] Error 1
19:16:18 **** Auto Build of configuration Debug for project LAPPDKrang ****
make all 
Building file: ../src/helloworld.c
Invoking: MicroBlaze gcc compiler
mb-gcc -Wall -O0 -g3 -c -fmessage-length=0 -MT"src/helloworld.o" -I../../LAPPDKrang_bsp/microblaze_0/include -mlittle-endian -mcpu=v10.0 -mxl-soft-mul -Wl,--no-relax -ffunction-sections -fdata-sections -MMD -MP -MF"src/helloworld.d" -MT"src/helloworld.o" -o "src/helloworld.o" "../src/helloworld.c"
../src/helloworld.c:39:3: error: unknown type name 'u32'
   u32 u32View;
   ^~~
../src/helloworld.c:40:3: error: unknown type name 'char8'
   char8 strView[5];
   ^~~~~
../src/helloworld.c:54:3: error: unknown type name 'u8'
   u8 opcode;
   ^~
../src/helloworld.c:55:3: error: unknown type name 'u8'
   u8 htype;
   ^~
../src/helloworld.c:56:3: error: unknown type name 'u8'
   u8 hlen;
   ^~
../src/helloworld.c:57:3: error: unknown type name 'u8'
   u8 hops;
   ^~
../src/helloworld.c:58:3: error: unknown type name 'u32'
   u32 xid;
   ^~~
../src/helloworld.c:59:3: error: unknown type name 'u16'
   u16 secs;
   ^~~
../src/helloworld.c:60:3: error: unknown type name 'u16'
   u16 flags;
   ^~~
../src/helloworld.c:61:3: error: unknown type name 'u32'
   u32 ciaddr;
   ^~~
../src/helloworld.c:62:3: error: unknown type name 'u32'
   u32 yiaddr;
   ^~~
../src/helloworld.c:63:3: error: unknown type name 'u32'
   u32 siaddr;
   ^~~
../src/helloworld.c:64:3: error: unknown type name 'u32'
   u32 giaddr;
   ^~~
../src/helloworld.c:65:3: error: unknown type name 'u8'
   u8 chaddr[DHCP_CHADDR_LEN];
   ^~
../src/helloworld.c:68:3: error: unknown type name 'u32'
   u32 magic_cookie;
   ^~~
../src/helloworld.c:69:3: error: unknown type name 'u8'
   u8 bp_options[0];
   ^~
../src/helloworld.c:97:1: error: unknown type name 'u32'
 u32 ip;
 ^~~
../src/helloworld.c:100:28: error: unknown type name 'u8'
 static int get_mac_address(u8 *mac) {
                            ^~
../src/helloworld.c: In function 'in_cksum':
../src/helloworld.c:119:5: error: unknown type name 'u_short'; did you mean 'short'?
     u_short answer = 0;
     ^~~~~~~
     short
../src/helloworld.c:120:14: error: unknown type name 'u_short'
     register u_short *w = addr;
              ^~~~~~~
../src/helloworld.c:120:27: warning: initialization from incompatible pointer type [-Wincompatible-pointer-types]
     register u_short *w = addr;
                           ^~~~
../src/helloworld.c:135:11: error: 'u_char' undeclared (first use in this function); did you mean 'char'?
         *(u_char *)(&answer) = *(u_char *) w;
           ^~~~~~
           char
../src/helloworld.c:135:11: note: each undeclared identifier is reported only once for each function it appears in
../src/helloworld.c:135:19: error: expected expression before ')' token
         *(u_char *)(&answer) = *(u_char *) w;
                   ^
../src/helloworld.c:135:44: error: expected ';' before 'w'
         *(u_char *)(&answer) = *(u_char *) w;
                                            ^
../src/helloworld.c: In function 'dhcp_input':
../src/helloworld.c:155:10: warning: implicit declaration of function 'Xil_Ntohl' [-Wimplicit-function-declaration]
     ip = Xil_Ntohl(dhcp->yiaddr);
          ^~~~~~~~~
../src/helloworld.c: At top level:
../src/helloworld.c:165:30: warning: 'struct udphdr' declared inside parameter list will not be visible outside of this definition or declaration
 static void udp_input(struct udphdr * udp_packet)
                              ^~~~~~
../src/helloworld.c: In function 'udp_input':
../src/helloworld.c:168:9: warning: implicit declaration of function 'Xil_Ntohs' [-Wimplicit-function-declaration]
     if (Xil_Ntohs(udp_packet->uh_sport) == DHCP_SERVER_PORT)
         ^~~~~~~~~
../src/helloworld.c:168:29: error: dereferencing pointer to incomplete type 'struct udphdr'
     if (Xil_Ntohs(udp_packet->uh_sport) == DHCP_SERVER_PORT)
                             ^~
../src/helloworld.c:169:59: error: invalid application of 'sizeof' to incomplete type 'struct udphdr'
         dhcp_input((dhcp_t *)((char *)udp_packet + sizeof(struct udphdr)));
                                                           ^~~~~~
../src/helloworld.c: At top level:
../src/helloworld.c:175:29: warning: 'struct ip' declared inside parameter list will not be visible outside of this definition or declaration
 static void ip_input(struct ip * ip_packet)
                             ^~
../src/helloworld.c: In function 'ip_input':
../src/helloworld.c:178:18: error: dereferencing pointer to incomplete type 'struct ip'
     if (ip_packet->ip_p == IPPROTO_UDP)
                  ^~
../src/helloworld.c:178:28: error: 'IPPROTO_UDP' undeclared (first use in this function)
     if (ip_packet->ip_p == IPPROTO_UDP)
                            ^~~~~~~~~~~
../src/helloworld.c:179:64: error: invalid application of 'sizeof' to incomplete type 'struct ip'
         udp_input((struct udphdr *)((char *)ip_packet + sizeof(struct ip)));
                                                                ^~~~~~
../src/helloworld.c: At top level:
../src/helloworld.c:185:31: error: unknown type name 'u8'
 static void ether_input(const u8 *frame)
                               ^~
../src/helloworld.c: In function 'ether_input':
../src/helloworld.c:194:9: warning: implicit declaration of function 'Xil_Htons' [-Wimplicit-function-declaration]
     if (Xil_Htons(eframe->ether_type) == ETHERTYPE_IP)
         ^~~~~~~~~
../src/helloworld.c:194:25: error: dereferencing pointer to incomplete type 'struct ether_header'
     if (Xil_Htons(eframe->ether_type) == ETHERTYPE_IP)
                         ^~
../src/helloworld.c:194:42: error: 'ETHERTYPE_IP' undeclared (first use in this function)
     if (Xil_Htons(eframe->ether_type) == ETHERTYPE_IP)
                                          ^~~~~~~~~~~~
../src/helloworld.c:195:47: error: invalid application of 'sizeof' to incomplete type 'struct ether_header'
         ip_input((struct ip *)(frame + sizeof(struct ether_header)));
                                               ^~~~~~
../src/helloworld.c: At top level:
../src/helloworld.c:201:26: error: unknown type name 'u8'
 static void ether_output(u8 *frame, u8 *mac, int len)
                          ^~
../src/helloworld.c:201:37: error: unknown type name 'u8'
 static void ether_output(u8 *frame, u8 *mac, int len)
                                     ^~
../src/helloworld.c:218:30: warning: 'struct ip' declared inside parameter list will not be visible outside of this definition or declaration
 static void ip_output(struct ip *ip_header, int *len)
                              ^~
../src/helloworld.c: In function 'ip_output':
../src/helloworld.c:220:20: error: invalid application of 'sizeof' to incomplete type 'struct ip'
     *len += sizeof(struct ip);
                    ^~~~~~
../src/helloworld.c:222:14: error: dereferencing pointer to incomplete type 'struct ip'
     ip_header->ip_hl = 5;
              ^~
../src/helloworld.c:223:23: error: 'IPVERSION' undeclared (first use in this function); did you mean '__VERSION__'?
     ip_header->ip_v = IPVERSION;
                       ^~~~~~~~~
                       __VERSION__
../src/helloworld.c:229:23: error: 'IPPROTO_UDP' undeclared (first use in this function)
     ip_header->ip_p = IPPROTO_UDP;
                       ^~~~~~~~~~~
../src/helloworld.c:234:71: error: invalid application of 'sizeof' to incomplete type 'struct ip'
     ip_header->ip_sum = in_cksum((unsigned short *) ip_header, sizeof(struct ip));
                                                                       ^~~~~~
../src/helloworld.c: At top level:
../src/helloworld.c:240:31: warning: 'struct udphdr' declared inside parameter list will not be visible outside of this definition or declaration
 static void udp_output(struct udphdr *udp_header, int *len)
                               ^~~~~~
../src/helloworld.c: In function 'udp_output':
../src/helloworld.c:244:20: error: invalid application of 'sizeof' to incomplete type 'struct udphdr'
     *len += sizeof(struct udphdr);
                    ^~~~~~
../src/helloworld.c:246:15: error: dereferencing pointer to incomplete type 'struct udphdr'
     udp_header->uh_sport = Xil_Htons(DHCP_CLIENT_PORT);
               ^~
../src/helloworld.c: At top level:
../src/helloworld.c:255:39: error: unknown type name 'u_int8_t'; did you mean '__int128'?
 static void dhcp_output(dhcp_t *dhcp, u_int8_t *mac, int *len)
                                       ^~~~~~~~
                                       __int128
../src/helloworld.c:271:29: error: unknown type name 'u_int8_t'; did you mean '__int128'?
 static int fill_dhcp_option(u_int8_t *packet, u_int8_t code, u_int8_t *data, u_int8_t len)
                             ^~~~~~~~
                             __int128
../src/helloworld.c:271:47: error: unknown type name 'u_int8_t'; did you mean '__int128'?
 static int fill_dhcp_option(u_int8_t *packet, u_int8_t code, u_int8_t *data, u_int8_t len)
                                               ^~~~~~~~
                                               __int128
../src/helloworld.c:271:62: error: unknown type name 'u_int8_t'; did you mean '__int128'?
 static int fill_dhcp_option(u_int8_t *packet, u_int8_t code, u_int8_t *data, u_int8_t len)
                                                              ^~~~~~~~
                                                              __int128
../src/helloworld.c:271:78: error: unknown type name 'u_int8_t'; did you mean '__int128'?
 static int fill_dhcp_option(u_int8_t *packet, u_int8_t code, u_int8_t *data, u_int8_t len)
                                                                              ^~~~~~~~
                                                                              __int128
../src/helloworld.c: In function 'fill_dhcp_discovery_options':
../src/helloworld.c:286:5: error: unknown type name 'u32'
     u32 req_ip;
     ^~~
../src/helloworld.c:287:5: error: unknown type name 'u8'
     u8 parameter_req_list[] = {MESSAGE_TYPE_REQ_SUBNET_MASK, MESSAGE_TYPE_ROUTER, MESSAGE_TYPE_DNS, MESSAGE_TYPE_DOMAIN_NAME};
     ^~
../src/helloworld.c:288:5: error: unknown type name 'u8'
     u8 option;
     ^~
../src/helloworld.c:291:12: warning: implicit declaration of function 'fill_dhcp_option'; did you mean 'fill_dhcp_discovery_options'? [-Wimplicit-function-declaration]
     len += fill_dhcp_option(&dhcp->bp_options[len], MESSAGE_TYPE_DHCP, &option, sizeof(option));
            ^~~~~~~~~~~~~~~~
            fill_dhcp_discovery_options
../src/helloworld.c:292:14: warning: implicit declaration of function 'Xil_Htonl' [-Wimplicit-function-declaration]
     req_ip = Xil_Htonl(0xc0a8010a);
              ^~~~~~~~~
../src/helloworld.c:293:75: error: 'u8' undeclared (first use in this function)
     len += fill_dhcp_option(&dhcp->bp_options[len], MESSAGE_TYPE_REQ_IP, (u8 *)&req_ip, sizeof(req_ip));
                                                                           ^~
../src/helloworld.c:293:79: error: expected expression before ')' token
     len += fill_dhcp_option(&dhcp->bp_options[len], MESSAGE_TYPE_REQ_IP, (u8 *)&req_ip, sizeof(req_ip));
                                                                               ^
../src/helloworld.c:294:91: error: expected expression before ')' token
     len += fill_dhcp_option(&dhcp->bp_options[len], MESSAGE_TYPE_PARAMETER_REQ_LIST, (u8 *)&parameter_req_list, sizeof(parameter_req_list));
                                                                                           ^
../src/helloworld.c:287:8: warning: unused variable 'parameter_req_list' [-Wunused-variable]
     u8 parameter_req_list[] = {MESSAGE_TYPE_REQ_SUBNET_MASK, MESSAGE_TYPE_ROUTER, MESSAGE_TYPE_DNS, MESSAGE_TYPE_DOMAIN_NAME};
        ^~~~~~~~~~~~~~~~~~
../src/helloworld.c:286:9: warning: variable 'req_ip' set but not used [-Wunused-but-set-variable]
     u32 req_ip;
         ^~~~~~
../src/helloworld.c: At top level:
../src/helloworld.c:304:27: error: unknown type name 'u8'
 static int dhcp_discovery(u8 *mac)
                           ^~
../src/helloworld.c: In function 'main':
../src/helloworld.c:329:5: error: unknown type name 'u8'
     u8 mac[6];
     ^~
../src/helloworld.c:332:14: warning: implicit declaration of function 'get_mac_address' [-Wimplicit-function-declaration]
     result = get_mac_address(mac);
              ^~~~~~~~~~~~~~~
../src/helloworld.c:343:16: warning: implicit declaration of function 'dhcp_discovery' [-Wimplicit-function-declaration]
       result = dhcp_discovery(mac);
                ^~~~~~~~~~~~~~
../src/helloworld.c:355:2: error: 'frame' undeclared (first use in this function)
  frame = NIFT_intakeFrame();
  ^~~~~
../src/helloworld.c:355:10: warning: implicit declaration of function 'NIFT_intakeFrame' [-Wimplicit-function-declaration]
  frame = NIFT_intakeFrame();
          ^~~~~~~~~~~~~~~~
../src/helloworld.c:352:7: warning: this 'while' clause does not guard... [-Wmisleading-indentation]
       while(!dhcpDone && --result > 0)
       ^~~~~
../src/helloworld.c:358:2: note: ...this statement, but the latter is misleadingly indented as if it were guarded by the 'while'
  ether_input(frame);
  ^~~~~~~~~~~
../src/helloworld.c:361:2: warning: implicit declaration of function 'free' [-Wimplicit-function-declaration]
  free(frame);
  ^~~~
src/subdir.mk:24: recipe for target 'src/helloworld.o' failed
../src/helloworld.c:361:2: warning: incompatible implicit declaration of built-in function 'free'
../src/helloworld.c:361:2: note: include '<stdlib.h>' or provide a declaration of 'free'
../src/helloworld.c:366:7: warning: 'return' with no value, in function returning non-void
       return;
       ^~~~~~
../src/helloworld.c:326:5: note: declared here
 int main(int argc, char *argv[])
     ^~~~
../src/helloworld.c:370:5: warning: implicit declaration of function 'print' [-Wimplicit-function-declaration]
     print("I have been validated as a human: ");
     ^~~~~
../src/helloworld.c:371:5: warning: implicit declaration of function 'putnum' [-Wimplicit-function-declaration]
     putnum(ip & 0x000F);
     ^~~~~~
At top level:
../src/helloworld.c:283:12: warning: 'fill_dhcp_discovery_options' defined but not used [-Wunused-function]
 static int fill_dhcp_discovery_options(dhcp_t *dhcp)
            ^~~~~~~~~~~~~~~~~~~~~~~~~~~
../src/helloworld.c:240:13: warning: 'udp_output' defined but not used [-Wunused-function]
 static void udp_output(struct udphdr *udp_header, int *len)
             ^~~~~~~~~~
../src/helloworld.c:218:13: warning: 'ip_output' defined but not used [-Wunused-function]
 static void ip_output(struct ip *ip_header, int *len)
             ^~~~~~~~~
make: *** [src/helloworld.o] Error 1
19:17:20 **** Auto Build of configuration Debug for project LAPPDKrang ****
make all 
Building file: ../src/helloworld.c
Invoking: MicroBlaze gcc compiler
mb-gcc -Wall -O0 -g3 -c -fmessage-length=0 -MT"src/helloworld.o" -I../../LAPPDKrang_bsp/microblaze_0/include -mlittle-endian -mcpu=v10.0 -mxl-soft-mul -Wl,--no-relax -ffunction-sections -fdata-sections -MMD -MP -MF"src/helloworld.d" -MT"src/helloworld.o" -o "src/helloworld.o" "../src/helloworld.c"
../src/helloworld.c: In function 'get_mac_address':
../src/helloworld.c:120:16: error: invalid type argument of unary '*' (have 'unsigned int')
   *mac = (u8)( *( XPAR_IOMODULE_0_IO_BASEADDR | CUSTOM_REG_OFFSET | 0x04));
                ^~~~~~~~~~~~~~~~~~~~~~~~~~~~~~~~~~~~~~~~~~~~~~~~~~~~~~~~~~
../src/helloworld.c:121:22: error: invalid type argument of unary '*' (have 'unsigned int')
   *(mac + 2) = (u8)( *( XPAR_IOMODULE_0_IO_BASEADDR | CUSTOM_REG_OFFSET | 0x08));
                      ^~~~~~~~~~~~~~~~~~~~~~~~~~~~~~~~~~~~~~~~~~~~~~~~~~~~~~~~~~
../src/helloworld.c: At top level:
../src/helloworld.c:180:30: warning: 'struct udphdr' declared inside parameter list will not be visible outside of this definition or declaration
 static void udp_input(struct udphdr * udp_packet)
                              ^~~~~~
../src/helloworld.c: In function 'udp_input':
../src/helloworld.c:183:29: error: dereferencing pointer to incomplete type 'struct udphdr'
     if (Xil_Ntohs(udp_packet->uh_sport) == DHCP_SERVER_PORT)
                             ^~
../src/helloworld.c:184:59: error: invalid application of 'sizeof' to incomplete type 'struct udphdr'
         dhcp_input((dhcp_t *)((char *)udp_packet + sizeof(struct udphdr)));
                                                           ^~~~~~
../src/helloworld.c: At top level:
../src/helloworld.c:190:29: warning: 'struct ip' declared inside parameter list will not be visible outside of this definition or declaration
 static void ip_input(struct ip * ip_packet)
                             ^~
../src/helloworld.c: In function 'ip_input':
../src/helloworld.c:193:18: error: dereferencing pointer to incomplete type 'struct ip'
     if (ip_packet->ip_p == IPPROTO_UDP)
                  ^~
../src/helloworld.c:193:28: error: 'IPPROTO_UDP' undeclared (first use in this function)
     if (ip_packet->ip_p == IPPROTO_UDP)
                            ^~~~~~~~~~~
../src/helloworld.c:193:28: note: each undeclared identifier is reported only once for each function it appears in
../src/helloworld.c:194:64: error: invalid application of 'sizeof' to incomplete type 'struct ip'
         udp_input((struct udphdr *)((char *)ip_packet + sizeof(struct ip)));
                                                                ^~~~~~
../src/helloworld.c: In function 'ether_input':
../src/helloworld.c:209:25: error: dereferencing pointer to incomplete type 'struct ether_header'
     if (Xil_Htons(eframe->ether_type) == ETHERTYPE_IP)
                         ^~
../src/helloworld.c:209:42: error: 'ETHERTYPE_IP' undeclared (first use in this function)
     if (Xil_Htons(eframe->ether_type) == ETHERTYPE_IP)
                                          ^~~~~~~~~~~~
../src/helloworld.c:210:47: error: invalid application of 'sizeof' to incomplete type 'struct ether_header'
         ip_input((struct ip *)(frame + sizeof(struct ether_header)));
                                               ^~~~~~
../src/helloworld.c: In function 'ether_output':
../src/helloworld.c:221:18: error: dereferencing pointer to incomplete type 'struct ether_header'
     memcpy(eframe->ether_shost, mac, ETHER_ADDR_LEN);
                  ^~
../src/helloworld.c:221:38: error: 'ETHER_ADDR_LEN' undeclared (first use in this function); did you mean 'DHCP_CHADDR_LEN'?
     memcpy(eframe->ether_shost, mac, ETHER_ADDR_LEN);
                                      ^~~~~~~~~~~~~~
                                      DHCP_CHADDR_LEN
../src/helloworld.c:223:36: error: 'ETHERTYPE_IP' undeclared (first use in this function)
     eframe->ether_type = Xil_Htons(ETHERTYPE_IP);
                                    ^~~~~~~~~~~~
../src/helloworld.c:225:24: error: invalid application of 'sizeof' to incomplete type 'struct ether_header'
     len = len + sizeof(struct ether_header);
                        ^~~~~~
../src/helloworld.c:227:14: warning: implicit declaration of function 'NIFT_emitFrame' [-Wimplicit-function-declaration]
     result = NIFT_emitFrame(frame, len);
              ^~~~~~~~~~~~~~
../src/helloworld.c:218:9: warning: variable 'result' set but not used [-Wunused-but-set-variable]
     int result;
         ^~~~~~
../src/helloworld.c: At top level:
../src/helloworld.c:233:30: warning: 'struct ip' declared inside parameter list will not be visible outside of this definition or declaration
 static void ip_output(struct ip *ip_header, int *len)
                              ^~
../src/helloworld.c: In function 'ip_output':
../src/helloworld.c:235:20: error: invalid application of 'sizeof' to incomplete type 'struct ip'
     *len += sizeof(struct ip);
                    ^~~~~~
../src/helloworld.c:237:14: error: dereferencing pointer to incomplete type 'struct ip'
     ip_header->ip_hl = 5;
              ^~
../src/helloworld.c:238:23: error: 'IPVERSION' undeclared (first use in this function); did you mean '_SC_VERSION'?
     ip_header->ip_v = IPVERSION;
                       ^~~~~~~~~
                       _SC_VERSION
../src/helloworld.c:244:23: error: 'IPPROTO_UDP' undeclared (first use in this function)
     ip_header->ip_p = IPPROTO_UDP;
                       ^~~~~~~~~~~
../src/helloworld.c:249:71: error: invalid application of 'sizeof' to incomplete type 'struct ip'
     ip_header->ip_sum = in_cksum((unsigned short *) ip_header, sizeof(struct ip));
                                                                       ^~~~~~
../src/helloworld.c: At top level:
../src/helloworld.c:255:31: warning: 'struct udphdr' declared inside parameter list will not be visible outside of this definition or declaration
 static void udp_output(struct udphdr *udp_header, int *len)
                               ^~~~~~
../src/helloworld.c: In function 'udp_output':
../src/helloworld.c:259:20: error: invalid application of 'sizeof' to incomplete type 'struct udphdr'
     *len += sizeof(struct udphdr);
                    ^~~~~~
../src/helloworld.c:261:15: error: dereferencing pointer to incomplete type 'struct udphdr'
     udp_header->uh_sport = Xil_Htons(DHCP_CLIENT_PORT);
               ^~
../src/helloworld.c: In function 'dhcp_discovery':
../src/helloworld.c:329:47: error: invalid application of 'sizeof' to incomplete type 'struct ether_header'
     ip_header = (struct ip *)(packet + sizeof(struct ether_header));
                                               ^~~~~~
../src/helloworld.c:330:65: error: invalid application of 'sizeof' to incomplete type 'struct ip'
     udp_header = (struct udphdr *)(((char *)ip_header) + sizeof(struct ip));
                                                                 ^~~~~~
../src/helloworld.c:331:53: error: invalid application of 'sizeof' to incomplete type 'struct udphdr'
     dhcp = (dhcp_t *)(((char *)udp_header) + sizeof(struct udphdr));
                                                     ^~~~~~
../src/helloworld.c:335:16: warning: passing argument 1 of 'udp_output' from incompatible pointer type [-Wincompatible-pointer-types]
     udp_output(udp_header, &len);
                ^~~~~~~~~~
../src/helloworld.c:255:13: note: expected 'struct udphdr *' but argument is of type 'struct udphdr *'
 static void udp_output(struct udphdr *udp_header, int *len)
             ^~~~~~~~~~
../src/helloworld.c:336:15: warning: passing argument 1 of 'ip_output' from incompatible pointer type [-Wincompatible-pointer-types]
     ip_output(ip_header, &len);
               ^~~~~~~~~
../src/helloworld.c:233:13: note: expected 'struct ip *' but argument is of type 'struct ip *'
 static void ip_output(struct ip *ip_header, int *len)
             ^~~~~~~~~
../src/helloworld.c: In function 'main':
../src/helloworld.c:370:2: error: 'frame' undeclared (first use in this function)
  frame = NIFT_intakeFrame();
  ^~~~~
../src/helloworld.c:370:10: warning: implicit declaration of function 'NIFT_intakeFrame' [-Wimplicit-function-declaration]
  frame = NIFT_intakeFrame();
          ^~~~~~~~~~~~~~~~
../src/helloworld.c:367:7: warning: this 'while' clause does not guard... [-Wmisleading-indentation]
       while(!dhcpDone && --result > 0)
       ^~~~~
../src/helloworld.c:373:2: note: ...this statement, but the latter is misleadingly indented as if it were guarded by the 'while'
  ether_input(frame);
  ^~~~~~~~~~~
../src/helloworld.c:376:2: warning: implicit declaration of function 'free' [-Wimplicit-function-declaration]
  free(frame);
  ^~~~
../src/helloworld.c:376:2: warning: incompatible implicit declaration of built-in function 'free'
../src/helloworld.c:376:2: note: include '<stdlib.h>' or provide a declaration of 'free'
src/subdir.mk:24: recipe for target 'src/helloworld.o' failed
../src/helloworld.c:381:7: warning: 'return' with no value, in function returning non-void
       return;
       ^~~~~~
../src/helloworld.c:341:5: note: declared here
 int main(int argc, char *argv[])
     ^~~~
make: *** [src/helloworld.o] Error 1
19:19:07 **** Auto Build of configuration Debug for project LAPPDKrang ****
make all 
Building file: ../src/helloworld.c
Invoking: MicroBlaze gcc compiler
mb-gcc -Wall -O0 -g3 -c -fmessage-length=0 -MT"src/helloworld.o" -I../../LAPPDKrang_bsp/microblaze_0/include -mlittle-endian -mcpu=v10.0 -mxl-soft-mul -Wl,--no-relax -ffunction-sections -fdata-sections -MMD -MP -MF"src/helloworld.d" -MT"src/helloworld.o" -o "src/helloworld.o" "../src/helloworld.c"
../src/helloworld.c:180:30: warning: 'struct udphdr' declared inside parameter list will not be visible outside of this definition or declaration
 static void udp_input(struct udphdr * udp_packet)
                              ^~~~~~
../src/helloworld.c: In function 'udp_input':
../src/helloworld.c:183:29: error: dereferencing pointer to incomplete type 'struct udphdr'
     if (Xil_Ntohs(udp_packet->uh_sport) == DHCP_SERVER_PORT)
                             ^~
../src/helloworld.c:184:59: error: invalid application of 'sizeof' to incomplete type 'struct udphdr'
         dhcp_input((dhcp_t *)((char *)udp_packet + sizeof(struct udphdr)));
                                                           ^~~~~~
../src/helloworld.c: At top level:
../src/helloworld.c:190:29: warning: 'struct ip' declared inside parameter list will not be visible outside of this definition or declaration
 static void ip_input(struct ip * ip_packet)
                             ^~
../src/helloworld.c: In function 'ip_input':
../src/helloworld.c:193:18: error: dereferencing pointer to incomplete type 'struct ip'
     if (ip_packet->ip_p == IPPROTO_UDP)
                  ^~
../src/helloworld.c:193:28: error: 'IPPROTO_UDP' undeclared (first use in this function)
     if (ip_packet->ip_p == IPPROTO_UDP)
                            ^~~~~~~~~~~
../src/helloworld.c:193:28: note: each undeclared identifier is reported only once for each function it appears in
../src/helloworld.c:194:64: error: invalid application of 'sizeof' to incomplete type 'struct ip'
         udp_input((struct udphdr *)((char *)ip_packet + sizeof(struct ip)));
                                                                ^~~~~~
../src/helloworld.c: In function 'ether_input':
../src/helloworld.c:209:25: error: dereferencing pointer to incomplete type 'struct ether_header'
     if (Xil_Htons(eframe->ether_type) == ETHERTYPE_IP)
                         ^~
../src/helloworld.c:209:42: error: 'ETHERTYPE_IP' undeclared (first use in this function)
     if (Xil_Htons(eframe->ether_type) == ETHERTYPE_IP)
                                          ^~~~~~~~~~~~
../src/helloworld.c:210:47: error: invalid application of 'sizeof' to incomplete type 'struct ether_header'
         ip_input((struct ip *)(frame + sizeof(struct ether_header)));
                                               ^~~~~~
../src/helloworld.c: In function 'ether_output':
../src/helloworld.c:221:18: error: dereferencing pointer to incomplete type 'struct ether_header'
     memcpy(eframe->ether_shost, mac, ETHER_ADDR_LEN);
                  ^~
../src/helloworld.c:221:38: error: 'ETHER_ADDR_LEN' undeclared (first use in this function); did you mean 'DHCP_CHADDR_LEN'?
     memcpy(eframe->ether_shost, mac, ETHER_ADDR_LEN);
                                      ^~~~~~~~~~~~~~
                                      DHCP_CHADDR_LEN
../src/helloworld.c:223:36: error: 'ETHERTYPE_IP' undeclared (first use in this function)
     eframe->ether_type = Xil_Htons(ETHERTYPE_IP);
                                    ^~~~~~~~~~~~
../src/helloworld.c:225:24: error: invalid application of 'sizeof' to incomplete type 'struct ether_header'
     len = len + sizeof(struct ether_header);
                        ^~~~~~
../src/helloworld.c:227:14: warning: implicit declaration of function 'NIFT_emitFrame' [-Wimplicit-function-declaration]
     result = NIFT_emitFrame(frame, len);
              ^~~~~~~~~~~~~~
../src/helloworld.c:218:9: warning: variable 'result' set but not used [-Wunused-but-set-variable]
     int result;
         ^~~~~~
../src/helloworld.c: At top level:
../src/helloworld.c:233:30: warning: 'struct ip' declared inside parameter list will not be visible outside of this definition or declaration
 static void ip_output(struct ip *ip_header, int *len)
                              ^~
../src/helloworld.c: In function 'ip_output':
../src/helloworld.c:235:20: error: invalid application of 'sizeof' to incomplete type 'struct ip'
     *len += sizeof(struct ip);
                    ^~~~~~
../src/helloworld.c:237:14: error: dereferencing pointer to incomplete type 'struct ip'
     ip_header->ip_hl = 5;
              ^~
../src/helloworld.c:238:23: error: 'IPVERSION' undeclared (first use in this function); did you mean '_SC_VERSION'?
     ip_header->ip_v = IPVERSION;
                       ^~~~~~~~~
                       _SC_VERSION
../src/helloworld.c:244:23: error: 'IPPROTO_UDP' undeclared (first use in this function)
     ip_header->ip_p = IPPROTO_UDP;
                       ^~~~~~~~~~~
../src/helloworld.c:249:71: error: invalid application of 'sizeof' to incomplete type 'struct ip'
     ip_header->ip_sum = in_cksum((unsigned short *) ip_header, sizeof(struct ip));
                                                                       ^~~~~~
../src/helloworld.c: At top level:
../src/helloworld.c:255:31: warning: 'struct udphdr' declared inside parameter list will not be visible outside of this definition or declaration
 static void udp_output(struct udphdr *udp_header, int *len)
                               ^~~~~~
../src/helloworld.c: In function 'udp_output':
../src/helloworld.c:259:20: error: invalid application of 'sizeof' to incomplete type 'struct udphdr'
     *len += sizeof(struct udphdr);
                    ^~~~~~
../src/helloworld.c:261:15: error: dereferencing pointer to incomplete type 'struct udphdr'
     udp_header->uh_sport = Xil_Htons(DHCP_CLIENT_PORT);
               ^~
../src/helloworld.c: In function 'dhcp_discovery':
../src/helloworld.c:329:47: error: invalid application of 'sizeof' to incomplete type 'struct ether_header'
     ip_header = (struct ip *)(packet + sizeof(struct ether_header));
                                               ^~~~~~
../src/helloworld.c:330:65: error: invalid application of 'sizeof' to incomplete type 'struct ip'
     udp_header = (struct udphdr *)(((char *)ip_header) + sizeof(struct ip));
                                                                 ^~~~~~
../src/helloworld.c:331:53: error: invalid application of 'sizeof' to incomplete type 'struct udphdr'
     dhcp = (dhcp_t *)(((char *)udp_header) + sizeof(struct udphdr));
                                                     ^~~~~~
../src/helloworld.c:335:16: warning: passing argument 1 of 'udp_output' from incompatible pointer type [-Wincompatible-pointer-types]
     udp_output(udp_header, &len);
                ^~~~~~~~~~
../src/helloworld.c:255:13: note: expected 'struct udphdr *' but argument is of type 'struct udphdr *'
 static void udp_output(struct udphdr *udp_header, int *len)
             ^~~~~~~~~~
../src/helloworld.c:336:15: warning: passing argument 1 of 'ip_output' from incompatible pointer type [-Wincompatible-pointer-types]
     ip_output(ip_header, &len);
               ^~~~~~~~~
../src/helloworld.c:233:13: note: expected 'struct ip *' but argument is of type 'struct ip *'
 static void ip_output(struct ip *ip_header, int *len)
             ^~~~~~~~~
../src/helloworld.c: In function 'main':
../src/helloworld.c:370:2: error: 'frame' undeclared (first use in this function)
  frame = NIFT_intakeFrame();
  ^~~~~
../src/helloworld.c:370:10: warning: implicit declaration of function 'NIFT_intakeFrame' [-Wimplicit-function-declaration]
  frame = NIFT_intakeFrame();
          ^~~~~~~~~~~~~~~~
../src/helloworld.c:367:7: warning: this 'while' clause does not guard... [-Wmisleading-indentation]
       while(!dhcpDone && --result > 0)
       ^~~~~
../src/helloworld.c:373:2: note: ...this statement, but the latter is misleadingly indented as if it were guarded by the 'while'
  ether_input(frame);
  ^~~~~~~~~~~
../src/helloworld.c:376:2: warning: implicit declaration of function 'free' [-Wimplicit-function-declaration]
  free(frame);
  ^~~~
../src/helloworld.c:376:2: warning: incompatible implicit declaration of built-in function 'free'
../src/helloworld.c:376:2: note: include '<stdlib.h>' or provide a declaration of 'free'
../src/helloworld.c:381:7: warning: 'return' with no value, in function returning non-void
       return;
       ^~~~~~
../src/helloworld.c:341:5: note: declared here
 int main(int argc, char *argv[])
     ^~~~
src/subdir.mk:24: recipe for target 'src/helloworld.o' failed
make: *** [src/helloworld.o] Error 1
19:22:39 **** Auto Build of configuration Debug for project LAPPDKrang ****
make all 
Building file: ../src/helloworld.c
Invoking: MicroBlaze gcc compiler
mb-gcc -Wall -O0 -g3 -c -fmessage-length=0 -MT"src/helloworld.o" -I../../LAPPDKrang_bsp/microblaze_0/include -mlittle-endian -mcpu=v10.0 -mxl-soft-mul -Wl,--no-relax -ffunction-sections -fdata-sections -MMD -MP -MF"src/helloworld.d" -MT"src/helloworld.o" -o "src/helloworld.o" "../src/helloworld.c"
../src/helloworld.c:9:10: fatal error: net/ethernet.h: No such file or directory
 #include <net/ethernet.h>
          ^~~~~~~~~~~~~~~~
compilation terminated.
src/subdir.mk:24: recipe for target 'src/helloworld.o' failed
make: *** [src/helloworld.o] Error 1
19:23:01 **** Auto Build of configuration Debug for project LAPPDKrang ****
make all 
Building file: ../src/helloworld.c
Invoking: MicroBlaze gcc compiler
mb-gcc -Wall -O0 -g3 -c -fmessage-length=0 -MT"src/helloworld.o" -I../../LAPPDKrang_bsp/microblaze_0/include -mlittle-endian -mcpu=v10.0 -mxl-soft-mul -Wl,--no-relax -ffunction-sections -fdata-sections -MMD -MP -MF"src/helloworld.d" -MT"src/helloworld.o" -o "src/helloworld.o" "../src/helloworld.c"
../src/helloworld.c:180:30: warning: 'struct udphdr' declared inside parameter list will not be visible outside of this definition or declaration
 static void udp_input(struct udphdr * udp_packet)
                              ^~~~~~
../src/helloworld.c: In function 'udp_input':
../src/helloworld.c:183:29: error: dereferencing pointer to incomplete type 'struct udphdr'
     if (Xil_Ntohs(udp_packet->uh_sport) == DHCP_SERVER_PORT)
                             ^~
../src/helloworld.c:184:59: error: invalid application of 'sizeof' to incomplete type 'struct udphdr'
         dhcp_input((dhcp_t *)((char *)udp_packet + sizeof(struct udphdr)));
                                                           ^~~~~~
../src/helloworld.c: At top level:
../src/helloworld.c:190:29: warning: 'struct ip' declared inside parameter list will not be visible outside of this definition or declaration
 static void ip_input(struct ip * ip_packet)
                             ^~
../src/helloworld.c: In function 'ip_input':
../src/helloworld.c:193:18: error: dereferencing pointer to incomplete type 'struct ip'
     if (ip_packet->ip_p == IPPROTO_UDP)
                  ^~
../src/helloworld.c:193:28: error: 'IPPROTO_UDP' undeclared (first use in this function)
     if (ip_packet->ip_p == IPPROTO_UDP)
                            ^~~~~~~~~~~
../src/helloworld.c:193:28: note: each undeclared identifier is reported only once for each function it appears in
../src/helloworld.c:194:64: error: invalid application of 'sizeof' to incomplete type 'struct ip'
         udp_input((struct udphdr *)((char *)ip_packet + sizeof(struct ip)));
                                                                ^~~~~~
../src/helloworld.c: In function 'ether_input':
../src/helloworld.c:209:25: error: dereferencing pointer to incomplete type 'struct ether_header'
     if (Xil_Htons(eframe->ether_type) == ETHERTYPE_IP)
                         ^~
../src/helloworld.c:209:42: error: 'ETHERTYPE_IP' undeclared (first use in this function)
     if (Xil_Htons(eframe->ether_type) == ETHERTYPE_IP)
                                          ^~~~~~~~~~~~
../src/helloworld.c:210:47: error: invalid application of 'sizeof' to incomplete type 'struct ether_header'
         ip_input((struct ip *)(frame + sizeof(struct ether_header)));
                                               ^~~~~~
../src/helloworld.c: In function 'ether_output':
../src/helloworld.c:221:18: error: dereferencing pointer to incomplete type 'struct ether_header'
     memcpy(eframe->ether_shost, mac, ETHER_ADDR_LEN);
                  ^~
../src/helloworld.c:221:38: error: 'ETHER_ADDR_LEN' undeclared (first use in this function); did you mean 'DHCP_CHADDR_LEN'?
     memcpy(eframe->ether_shost, mac, ETHER_ADDR_LEN);
                                      ^~~~~~~~~~~~~~
                                      DHCP_CHADDR_LEN
../src/helloworld.c:223:36: error: 'ETHERTYPE_IP' undeclared (first use in this function)
     eframe->ether_type = Xil_Htons(ETHERTYPE_IP);
                                    ^~~~~~~~~~~~
../src/helloworld.c:225:24: error: invalid application of 'sizeof' to incomplete type 'struct ether_header'
     len = len + sizeof(struct ether_header);
                        ^~~~~~
../src/helloworld.c:227:14: warning: implicit declaration of function 'NIFT_emitFrame' [-Wimplicit-function-declaration]
     result = NIFT_emitFrame(frame, len);
              ^~~~~~~~~~~~~~
../src/helloworld.c:218:9: warning: variable 'result' set but not used [-Wunused-but-set-variable]
     int result;
         ^~~~~~
../src/helloworld.c: At top level:
../src/helloworld.c:233:30: warning: 'struct ip' declared inside parameter list will not be visible outside of this definition or declaration
 static void ip_output(struct ip *ip_header, int *len)
                              ^~
../src/helloworld.c: In function 'ip_output':
../src/helloworld.c:235:20: error: invalid application of 'sizeof' to incomplete type 'struct ip'
     *len += sizeof(struct ip);
                    ^~~~~~
../src/helloworld.c:237:14: error: dereferencing pointer to incomplete type 'struct ip'
     ip_header->ip_hl = 5;
              ^~
../src/helloworld.c:238:23: error: 'IPVERSION' undeclared (first use in this function); did you mean '_SC_VERSION'?
     ip_header->ip_v = IPVERSION;
                       ^~~~~~~~~
                       _SC_VERSION
../src/helloworld.c:244:23: error: 'IPPROTO_UDP' undeclared (first use in this function)
     ip_header->ip_p = IPPROTO_UDP;
                       ^~~~~~~~~~~
../src/helloworld.c:249:71: error: invalid application of 'sizeof' to incomplete type 'struct ip'
     ip_header->ip_sum = in_cksum((unsigned short *) ip_header, sizeof(struct ip));
                                                                       ^~~~~~
../src/helloworld.c: At top level:
../src/helloworld.c:255:31: warning: 'struct udphdr' declared inside parameter list will not be visible outside of this definition or declaration
 static void udp_output(struct udphdr *udp_header, int *len)
                               ^~~~~~
../src/helloworld.c: In function 'udp_output':
../src/helloworld.c:259:20: error: invalid application of 'sizeof' to incomplete type 'struct udphdr'
     *len += sizeof(struct udphdr);
                    ^~~~~~
../src/helloworld.c:261:15: error: dereferencing pointer to incomplete type 'struct udphdr'
     udp_header->uh_sport = Xil_Htons(DHCP_CLIENT_PORT);
               ^~
../src/helloworld.c: In function 'dhcp_discovery':
../src/helloworld.c:329:47: error: invalid application of 'sizeof' to incomplete type 'struct ether_header'
     ip_header = (struct ip *)(packet + sizeof(struct ether_header));
                                               ^~~~~~
../src/helloworld.c:330:65: error: invalid application of 'sizeof' to incomplete type 'struct ip'
     udp_header = (struct udphdr *)(((char *)ip_header) + sizeof(struct ip));
                                                                 ^~~~~~
../src/helloworld.c:331:53: error: invalid application of 'sizeof' to incomplete type 'struct udphdr'
     dhcp = (dhcp_t *)(((char *)udp_header) + sizeof(struct udphdr));
                                                     ^~~~~~
../src/helloworld.c:335:16: warning: passing argument 1 of 'udp_output' from incompatible pointer type [-Wincompatible-pointer-types]
     udp_output(udp_header, &len);
                ^~~~~~~~~~
../src/helloworld.c:255:13: note: expected 'struct udphdr *' but argument is of type 'struct udphdr *'
 static void udp_output(struct udphdr *udp_header, int *len)
             ^~~~~~~~~~
../src/helloworld.c:336:15: warning: passing argument 1 of 'ip_output' from incompatible pointer type [-Wincompatible-pointer-types]
     ip_output(ip_header, &len);
               ^~~~~~~~~
../src/helloworld.c:233:13: note: expected 'struct ip *' but argument is of type 'struct ip *'
 static void ip_output(struct ip *ip_header, int *len)
             ^~~~~~~~~
../src/helloworld.c: In function 'main':
../src/helloworld.c:370:2: error: 'frame' undeclared (first use in this function)
  frame = NIFT_intakeFrame();
  ^~~~~
../src/helloworld.c:370:10: warning: implicit declaration of function 'NIFT_intakeFrame' [-Wimplicit-function-declaration]
  frame = NIFT_intakeFrame();
          ^~~~~~~~~~~~~~~~
../src/helloworld.c:367:7: warning: this 'while' clause does not guard... [-Wmisleading-indentation]
       while(!dhcpDone && --result > 0)
       ^~~~~
../src/helloworld.c:373:2: note: ...this statement, but the latter is misleadingly indented as if it were guarded by the 'while'
  ether_input(frame);
  ^~~~~~~~~~~
../src/helloworld.c:376:2: warning: implicit declaration of function 'free' [-Wimplicit-function-declaration]
  free(frame);
  ^~~~
../src/helloworld.c:376:2: warning: incompatible implicit declaration of built-in function 'free'
../src/helloworld.c:376:2: note: include '<stdlib.h>' or provide a declaration of 'free'
../src/helloworld.c:381:7: warning: 'return' with no value, in function returning non-void
       return;
       ^~~~~~
../src/helloworld.c:341:5: note: declared here
 int main(int argc, char *argv[])
     ^~~~
src/subdir.mk:24: recipe for target 'src/helloworld.o' failed
make: *** [src/helloworld.o] Error 1
19:28:33 **** Auto Build of configuration Debug for project LAPPDKrang ****
make all 
Building file: ../src/helloworld.c
Invoking: MicroBlaze gcc compiler
mb-gcc -Wall -O0 -g3 -c -fmessage-length=0 -MT"src/helloworld.o" -I../../LAPPDKrang_bsp/microblaze_0/include -mlittle-endian -mcpu=v10.0 -mxl-soft-mul -Wl,--no-relax -ffunction-sections -fdata-sections -MMD -MP -MF"src/helloworld.d" -MT"src/helloworld.o" -o "src/helloworld.o" "../src/helloworld.c"
../src/helloworld.c:182:30: warning: 'struct udphdr' declared inside parameter list will not be visible outside of this definition or declaration
 static void udp_input(struct udphdr * udp_packet)
                              ^~~~~~
../src/helloworld.c: In function 'udp_input':
../src/helloworld.c:185:29: error: dereferencing pointer to incomplete type 'struct udphdr'
     if (Xil_Ntohs(udp_packet->uh_sport) == DHCP_SERVER_PORT)
                             ^~
../src/helloworld.c:186:59: error: invalid application of 'sizeof' to incomplete type 'struct udphdr'
         dhcp_input((dhcp_t *)((char *)udp_packet + sizeof(struct udphdr)));
                                                           ^~~~~~
../src/helloworld.c: At top level:
../src/helloworld.c:192:29: warning: 'struct ip' declared inside parameter list will not be visible outside of this definition or declaration
 static void ip_input(struct ip * ip_packet)
                             ^~
../src/helloworld.c: In function 'ip_input':
../src/helloworld.c:195:18: error: dereferencing pointer to incomplete type 'struct ip'
     if (ip_packet->ip_p == IPPROTO_UDP)
                  ^~
../src/helloworld.c:195:28: error: 'IPPROTO_UDP' undeclared (first use in this function)
     if (ip_packet->ip_p == IPPROTO_UDP)
                            ^~~~~~~~~~~
../src/helloworld.c:195:28: note: each undeclared identifier is reported only once for each function it appears in
../src/helloworld.c:196:64: error: invalid application of 'sizeof' to incomplete type 'struct ip'
         udp_input((struct udphdr *)((char *)ip_packet + sizeof(struct ip)));
                                                                ^~~~~~
../src/helloworld.c: In function 'ether_input':
../src/helloworld.c:211:25: error: dereferencing pointer to incomplete type 'struct ether_header'
     if (Xil_Htons(eframe->ether_type) == ETHERTYPE_IP)
                         ^~
../src/helloworld.c:211:42: error: 'ETHERTYPE_IP' undeclared (first use in this function)
     if (Xil_Htons(eframe->ether_type) == ETHERTYPE_IP)
                                          ^~~~~~~~~~~~
../src/helloworld.c:212:47: error: invalid application of 'sizeof' to incomplete type 'struct ether_header'
         ip_input((struct ip *)(frame + sizeof(struct ether_header)));
                                               ^~~~~~
../src/helloworld.c: In function 'ether_output':
../src/helloworld.c:223:18: error: dereferencing pointer to incomplete type 'struct ether_header'
     memcpy(eframe->ether_shost, mac, ETHER_ADDR_LEN);
                  ^~
../src/helloworld.c:223:38: error: 'ETHER_ADDR_LEN' undeclared (first use in this function); did you mean 'DHCP_CHADDR_LEN'?
     memcpy(eframe->ether_shost, mac, ETHER_ADDR_LEN);
                                      ^~~~~~~~~~~~~~
                                      DHCP_CHADDR_LEN
../src/helloworld.c:225:36: error: 'ETHERTYPE_IP' undeclared (first use in this function)
     eframe->ether_type = Xil_Htons(ETHERTYPE_IP);
                                    ^~~~~~~~~~~~
../src/helloworld.c:227:24: error: invalid application of 'sizeof' to incomplete type 'struct ether_header'
     len = len + sizeof(struct ether_header);
                        ^~~~~~
../src/helloworld.c:229:14: warning: implicit declaration of function 'NIFT_emitFrame' [-Wimplicit-function-declaration]
     result = NIFT_emitFrame(frame, len);
              ^~~~~~~~~~~~~~
../src/helloworld.c:220:9: warning: variable 'result' set but not used [-Wunused-but-set-variable]
     int result;
         ^~~~~~
../src/helloworld.c: At top level:
../src/helloworld.c:235:30: warning: 'struct ip' declared inside parameter list will not be visible outside of this definition or declaration
 static void ip_output(struct ip *ip_header, int *len)
                              ^~
../src/helloworld.c: In function 'ip_output':
../src/helloworld.c:237:20: error: invalid application of 'sizeof' to incomplete type 'struct ip'
     *len += sizeof(struct ip);
                    ^~~~~~
../src/helloworld.c:239:14: error: dereferencing pointer to incomplete type 'struct ip'
     ip_header->ip_hl = 5;
              ^~
../src/helloworld.c:240:23: error: 'IPVERSION' undeclared (first use in this function); did you mean '_SC_VERSION'?
     ip_header->ip_v = IPVERSION;
                       ^~~~~~~~~
                       _SC_VERSION
../src/helloworld.c:246:23: error: 'IPPROTO_UDP' undeclared (first use in this function)
     ip_header->ip_p = IPPROTO_UDP;
                       ^~~~~~~~~~~
../src/helloworld.c:251:71: error: invalid application of 'sizeof' to incomplete type 'struct ip'
     ip_header->ip_sum = in_cksum((unsigned short *) ip_header, sizeof(struct ip));
                                                                       ^~~~~~
../src/helloworld.c: At top level:
../src/helloworld.c:257:31: warning: 'struct udphdr' declared inside parameter list will not be visible outside of this definition or declaration
 static void udp_output(struct udphdr *udp_header, int *len)
                               ^~~~~~
../src/helloworld.c: In function 'udp_output':
../src/helloworld.c:261:20: error: invalid application of 'sizeof' to incomplete type 'struct udphdr'
     *len += sizeof(struct udphdr);
                    ^~~~~~
../src/helloworld.c:263:15: error: dereferencing pointer to incomplete type 'struct udphdr'
     udp_header->uh_sport = Xil_Htons(DHCP_CLIENT_PORT);
               ^~
../src/helloworld.c: In function 'dhcp_discovery':
../src/helloworld.c:331:47: error: invalid application of 'sizeof' to incomplete type 'struct ether_header'
     ip_header = (struct ip *)(packet + sizeof(struct ether_header));
                                               ^~~~~~
../src/helloworld.c:332:65: error: invalid application of 'sizeof' to incomplete type 'struct ip'
     udp_header = (struct udphdr *)(((char *)ip_header) + sizeof(struct ip));
                                                                 ^~~~~~
../src/helloworld.c:333:53: error: invalid application of 'sizeof' to incomplete type 'struct udphdr'
     dhcp = (dhcp_t *)(((char *)udp_header) + sizeof(struct udphdr));
                                                     ^~~~~~
../src/helloworld.c:337:16: warning: passing argument 1 of 'udp_output' from incompatible pointer type [-Wincompatible-pointer-types]
     udp_output(udp_header, &len);
                ^~~~~~~~~~
../src/helloworld.c:257:13: note: expected 'struct udphdr *' but argument is of type 'struct udphdr *'
 static void udp_output(struct udphdr *udp_header, int *len)
             ^~~~~~~~~~
../src/helloworld.c:338:15: warning: passing argument 1 of 'ip_output' from incompatible pointer type [-Wincompatible-pointer-types]
     ip_output(ip_header, &len);
               ^~~~~~~~~
../src/helloworld.c:235:13: note: expected 'struct ip *' but argument is of type 'struct ip *'
 static void ip_output(struct ip *ip_header, int *len)
             ^~~~~~~~~
../src/helloworld.c: In function 'main':
../src/helloworld.c:372:2: error: 'frame' undeclared (first use in this function)
  frame = NIFT_intakeFrame();
  ^~~~~
../src/helloworld.c:372:10: warning: implicit declaration of function 'NIFT_intakeFrame' [-Wimplicit-function-declaration]
  frame = NIFT_intakeFrame();
          ^~~~~~~~~~~~~~~~
../src/helloworld.c:369:7: warning: this 'while' clause does not guard... [-Wmisleading-indentation]
       while(!dhcpDone && --result > 0)
       ^~~~~
../src/helloworld.c:375:2: note: ...this statement, but the latter is misleadingly indented as if it were guarded by the 'while'
  ether_input(frame);
  ^~~~~~~~~~~
../src/helloworld.c:378:2: warning: implicit declaration of function 'free' [-Wimplicit-function-declaration]
  free(frame);
  ^~~~
../src/helloworld.c:378:2: warning: incompatible implicit declaration of built-in function 'free'
../src/helloworld.c:378:2: note: include '<stdlib.h>' or provide a declaration of 'free'
../src/helloworld.c:383:7: warning: 'return' with no value, in function returning non-void
       return;
       ^~~~~~
../src/helloworld.c:343:5: note: declared here
src/subdir.mk:24: recipe for target 'src/helloworld.o' failed
 int main(int argc, char *argv[])
     ^~~~
make: *** [src/helloworld.o] Error 1
19:30:33 **** Auto Build of configuration Debug for project LAPPDKrang ****
make all 
Building file: ../src/helloworld.c
Invoking: MicroBlaze gcc compiler
mb-gcc -Wall -O0 -g3 -c -fmessage-length=0 -MT"src/helloworld.o" -I../../LAPPDKrang_bsp/microblaze_0/include -mlittle-endian -mcpu=v10.0 -mxl-soft-mul -Wl,--no-relax -ffunction-sections -fdata-sections -MMD -MP -MF"src/helloworld.d" -MT"src/helloworld.o" -o "src/helloworld.o" "../src/helloworld.c"
../src/helloworld.c:194:30: warning: 'struct udphdr' declared inside parameter list will not be visible outside of this definition or declaration
 static void udp_input(struct udphdr * udp_packet)
                              ^~~~~~
../src/helloworld.c: In function 'udp_input':
../src/helloworld.c:197:29: error: dereferencing pointer to incomplete type 'struct udphdr'
     if (Xil_Ntohs(udp_packet->uh_sport) == DHCP_SERVER_PORT)
                             ^~
../src/helloworld.c:198:59: error: invalid application of 'sizeof' to incomplete type 'struct udphdr'
         dhcp_input((dhcp_t *)((char *)udp_packet + sizeof(struct udphdr)));
                                                           ^~~~~~
../src/helloworld.c: At top level:
../src/helloworld.c:204:29: warning: 'struct ip' declared inside parameter list will not be visible outside of this definition or declaration
 static void ip_input(struct ip * ip_packet)
                             ^~
../src/helloworld.c: In function 'ip_input':
../src/helloworld.c:207:18: error: dereferencing pointer to incomplete type 'struct ip'
     if (ip_packet->ip_p == IPPROTO_UDP)
                  ^~
../src/helloworld.c:207:28: error: 'IPPROTO_UDP' undeclared (first use in this function)
     if (ip_packet->ip_p == IPPROTO_UDP)
                            ^~~~~~~~~~~
[...]
18:15:23 **** Incremental Build of configuration Debug for project LAPPDKrang ****
make all 
make: Nothing to be done for 'all'.
18:18:07 **** Auto Build of configuration Debug for project LAPPDKrang ****
make all 
Building file: ../src/helloworld.c
Invoking: MicroBlaze gcc compiler
mb-gcc -Wall -O0 -g3 -c -fmessage-length=0 -MT"src/helloworld.o" -I../../LAPPDKrang_bsp/microblaze_0/include -mlittle-endian -mcpu=v10.0 -mxl-soft-mul -Wl,--no-relax -ffunction-sections -fdata-sections -MMD -MP -MF"src/helloworld.d" -MT"src/helloworld.o" -o "src/helloworld.o" "../src/helloworld.c"
Finished building: ../src/helloworld.c
 
Building target: LAPPDKrang.elf
Invoking: MicroBlaze gcc linker
mb-gcc -Wl,-T -Wl,../src/lscript.ld -L../../LAPPDKrang_bsp/microblaze_0/lib -mlittle-endian -mcpu=v10.0 -mxl-soft-mul -Wl,--no-relax -Wl,--gc-sections -o "LAPPDKrang.elf"  ./src/helloworld.o ./src/platform.o   -Wl,--start-group,-lxil,-lgcc,-lc,--end-group
Finished building target: LAPPDKrang.elf
 
Invoking: MicroBlaze Print Size
mb-size LAPPDKrang.elf  |tee "LAPPDKrang.elf.size"
   text	   data	    bss	    dec	    hex	filename
  22124	   1308	   9240	  32672	   7fa0	LAPPDKrang.elf
Finished building: LAPPDKrang.elf.size
 
18:18:20 **** Incremental Build of configuration Debug for project LAPPDKrang ****
make all 
make: Nothing to be done for 'all'.
18:20:32 **** Incremental Build of configuration Debug for project LAPPDKrang ****
make all 
make: Nothing to be done for 'all'.
18:20:52 **** Incremental Build of configuration Debug for project LAPPDKrang ****
make all 
make: Nothing to be done for 'all'.
18:22:53 **** Auto Build of configuration Debug for project LAPPDKrang ****
make all 
Building file: ../src/helloworld.c
Invoking: MicroBlaze gcc compiler
mb-gcc -Wall -O0 -g3 -c -fmessage-length=0 -MT"src/helloworld.o" -I../../LAPPDKrang_bsp/microblaze_0/include -mlittle-endian -mcpu=v10.0 -mxl-soft-mul -Wl,--no-relax -ffunction-sections -fdata-sections -MMD -MP -MF"src/helloworld.d" -MT"src/helloworld.o" -o "src/helloworld.o" "../src/helloworld.c"
Finished building: ../src/helloworld.c
 
Building target: LAPPDKrang.elf
Invoking: MicroBlaze gcc linker
mb-gcc -Wl,-T -Wl,../src/lscript.ld -L../../LAPPDKrang_bsp/microblaze_0/lib -mlittle-endian -mcpu=v10.0 -mxl-soft-mul -Wl,--no-relax -Wl,--gc-sections -o "LAPPDKrang.elf"  ./src/helloworld.o ./src/platform.o   -Wl,--start-group,-lxil,-lgcc,-lc,--end-group
/opt/Xilinx/SDK/2018.1/gnu/microblaze/lin/bin/../lib/gcc/microblaze-xilinx-elf/7.2.0/../../../../microblaze-xilinx-elf/bin/ld: LAPPDKrang.elf section `.stack' will not fit in region `microblaze_0_local_memory_ilmb_bram_if_cntlr_Mem_microblaze_0_local_memory_dlmb_bram_if_cntlr_Mem'
makefile:36: recipe for target 'LAPPDKrang.elf' failed
/opt/Xilinx/SDK/2018.1/gnu/microblaze/lin/bin/../lib/gcc/microblaze-xilinx-elf/7.2.0/../../../../microblaze-xilinx-elf/bin/ld: region `microblaze_0_local_memory_ilmb_bram_if_cntlr_Mem_microblaze_0_local_memory_dlmb_bram_if_cntlr_Mem' overflowed by 8 bytes
collect2: error: ld returned 1 exit status
make: *** [LAPPDKrang.elf] Error 1
18:22:56 **** Incremental Build of configuration Debug for project LAPPDKrang ****
make all 
Building target: LAPPDKrang.elf
Invoking: MicroBlaze gcc linker
mb-gcc -Wl,-T -Wl,../src/lscript.ld -L../../LAPPDKrang_bsp/microblaze_0/lib -mlittle-endian -mcpu=v10.0 -mxl-soft-mul -Wl,--no-relax -Wl,--gc-sections -o "LAPPDKrang.elf"  ./src/helloworld.o ./src/platform.o   -Wl,--start-group,-lxil,-lgcc,-lc,--end-group
/opt/Xilinx/SDK/2018.1/gnu/microblaze/lin/bin/../lib/gcc/microblaze-xilinx-elf/7.2.0/../../../../microblaze-xilinx-elf/bin/ld: LAPPDKrang.elf section `.stack' will not fit in region `microblaze_0_local_memory_ilmb_bram_if_cntlr_Mem_microblaze_0_local_memory_dlmb_bram_if_cntlr_Mem'
/opt/Xilinx/SDK/2018.1/gnu/microblaze/lin/bin/../lib/gcc/microblaze-xilinx-elf/7.2.0/../../../../microblaze-xilinx-elf/bin/ld: region `microblaze_0_local_memory_ilmb_bram_if_cntlr_Mem_microblaze_0_local_memory_dlmb_bram_if_cntlr_Mem' overflowed by 8 bytes
makefile:36: recipe for target 'LAPPDKrang.elf' failed
collect2: error: ld returned 1 exit status
make: *** [LAPPDKrang.elf] Error 1
18:24:49 **** Auto Build of configuration Debug for project LAPPDKrang ****
make all 
Building file: ../src/helloworld.c
Invoking: MicroBlaze gcc compiler
mb-gcc -Wall -O0 -g3 -c -fmessage-length=0 -MT"src/helloworld.o" -I../../LAPPDKrang_bsp/microblaze_0/include -mlittle-endian -mcpu=v10.0 -mxl-soft-mul -Wl,--no-relax -ffunction-sections -fdata-sections -MMD -MP -MF"src/helloworld.d" -MT"src/helloworld.o" -o "src/helloworld.o" "../src/helloworld.c"
Finished building: ../src/helloworld.c
 
Building target: LAPPDKrang.elf
Invoking: MicroBlaze gcc linker
mb-gcc -Wl,-T -Wl,../src/lscript.ld -L../../LAPPDKrang_bsp/microblaze_0/lib -mlittle-endian -mcpu=v10.0 -mxl-soft-mul -Wl,--no-relax -Wl,--gc-sections -o "LAPPDKrang.elf"  ./src/helloworld.o ./src/platform.o   -Wl,--start-group,-lxil,-lgcc,-lc,--end-group
/opt/Xilinx/SDK/2018.1/gnu/microblaze/lin/bin/../lib/gcc/microblaze-xilinx-elf/7.2.0/../../../../microblaze-xilinx-elf/bin/ld: LAPPDKrang.elf section `.stack' will not fit in region `microblaze_0_local_memory_ilmb_bram_if_cntlr_Mem_microblaze_0_local_memory_dlmb_bram_if_cntlr_Mem'
/opt/Xilinx/SDK/2018.1/gnu/microblaze/lin/bin/../lib/gcc/microblaze-xilinx-elf/7.2.0/../../../../microblaze-xilinx-elf/bin/ld: region `microblaze_0_local_memory_ilmb_bram_if_cntlr_Mem_microblaze_0_local_memory_dlmb_bram_if_cntlr_Mem' overflowed by 16 bytes
makefile:36: recipe for target 'LAPPDKrang.elf' failed
collect2: error: ld returned 1 exit status
make: *** [LAPPDKrang.elf] Error 1
18:25:38 **** Auto Build of configuration Debug for project LAPPDKrang ****
make all 
Building target: LAPPDKrang.elf
Invoking: MicroBlaze gcc linker
mb-gcc -Wl,-T -Wl,../src/lscript.ld -L../../LAPPDKrang_bsp/microblaze_0/lib -mlittle-endian -mcpu=v10.0 -mxl-soft-mul -Wl,--no-relax -Wl,--gc-sections -o "LAPPDKrang.elf"  ./src/helloworld.o ./src/platform.o   -Wl,--start-group,-lxil,-lgcc,-lc,--end-group
/opt/Xilinx/SDK/2018.1/gnu/microblaze/lin/bin/../lib/gcc/microblaze-xilinx-elf/7.2.0/../../../../microblaze-xilinx-elf/bin/ld: LAPPDKrang.elf section `.stack' will not fit in region `microblaze_0_local_memory_ilmb_bram_if_cntlr_Mem_microblaze_0_local_memory_dlmb_bram_if_cntlr_Mem'
makefile:36: recipe for target 'LAPPDKrang.elf' failed
/opt/Xilinx/SDK/2018.1/gnu/microblaze/lin/bin/../lib/gcc/microblaze-xilinx-elf/7.2.0/../../../../microblaze-xilinx-elf/bin/ld: region `microblaze_0_local_memory_ilmb_bram_if_cntlr_Mem_microblaze_0_local_memory_dlmb_bram_if_cntlr_Mem' overflowed by 32 bytes
collect2: error: ld returned 1 exit status
make: *** [LAPPDKrang.elf] Error 1
18:25:44 **** Auto Build of configuration Debug for project LAPPDKrang ****
make all 
Building target: LAPPDKrang.elf
Invoking: MicroBlaze gcc linker
mb-gcc -Wl,-T -Wl,../src/lscript.ld -L../../LAPPDKrang_bsp/microblaze_0/lib -mlittle-endian -mcpu=v10.0 -mxl-soft-mul -Wl,--no-relax -Wl,--gc-sections -o "LAPPDKrang.elf"  ./src/helloworld.o ./src/platform.o   -Wl,--start-group,-lxil,-lgcc,-lc,--end-group
Finished building target: LAPPDKrang.elf
 
Invoking: MicroBlaze Print Size
mb-size LAPPDKrang.elf  |tee "LAPPDKrang.elf.size"
   text	   data	    bss	    dec	    hex	filename
  22188	   1308	   9000	  32496	   7ef0	LAPPDKrang.elf
Finished building: LAPPDKrang.elf.size
 
18:25:50 **** Incremental Build of configuration Debug for project LAPPDKrang ****
make all 
make: Nothing to be done for 'all'.
18:36:14 **** Auto Build of configuration Debug for project LAPPDKrang ****
make all 
Building file: ../src/helloworld.c
Invoking: MicroBlaze gcc compiler
mb-gcc -Wall -O0 -g3 -c -fmessage-length=0 -MT"src/helloworld.o" -I../../LAPPDKrang_bsp/microblaze_0/include -mlittle-endian -mcpu=v10.0 -mxl-soft-mul -Wl,--no-relax -ffunction-sections -fdata-sections -MMD -MP -MF"src/helloworld.d" -MT"src/helloworld.o" -o "src/helloworld.o" "../src/helloworld.c"
Finished building: ../src/helloworld.c
 
Building target: LAPPDKrang.elf
Invoking: MicroBlaze gcc linker
mb-gcc -Wl,-T -Wl,../src/lscript.ld -L../../LAPPDKrang_bsp/microblaze_0/lib -mlittle-endian -mcpu=v10.0 -mxl-soft-mul -Wl,--no-relax -Wl,--gc-sections -o "LAPPDKrang.elf"  ./src/helloworld.o ./src/platform.o   -Wl,--start-group,-lxil,-lgcc,-lc,--end-group
Finished building target: LAPPDKrang.elf
 
Invoking: MicroBlaze Print Size
mb-size LAPPDKrang.elf  |tee "LAPPDKrang.elf.size"
   text	   data	    bss	    dec	    hex	filename
  22188	   1308	   9000	  32496	   7ef0	LAPPDKrang.elf
Finished building: LAPPDKrang.elf.size
 
18:36:18 **** Incremental Build of configuration Debug for project LAPPDKrang ****
make all 
make: Nothing to be done for 'all'.
19:00:09 **** Auto Build of configuration Debug for project LAPPDKrang ****
make all 
Building file: ../src/helloworld.c
Invoking: MicroBlaze gcc compiler
mb-gcc -Wall -O0 -g3 -c -fmessage-length=0 -MT"src/helloworld.o" -I../../LAPPDKrang_bsp/microblaze_0/include -mlittle-endian -mcpu=v10.0 -mxl-soft-mul -Wl,--no-relax -ffunction-sections -fdata-sections -MMD -MP -MF"src/helloworld.d" -MT"src/helloworld.o" -o "src/helloworld.o" "../src/helloworld.c"
../src/helloworld.c: In function 'lappd_input':
../src/helloworld.c:404:6: warning: variable 'respond' set but not used [-Wunused-but-set-variable]
   u8 respond;
      ^~~~~~~
Finished building: ../src/helloworld.c
 
Building target: LAPPDKrang.elf
Invoking: MicroBlaze gcc linker
mb-gcc -Wl,-T -Wl,../src/lscript.ld -L../../LAPPDKrang_bsp/microblaze_0/lib -mlittle-endian -mcpu=v10.0 -mxl-soft-mul -Wl,--no-relax -Wl,--gc-sections -o "LAPPDKrang.elf"  ./src/helloworld.o ./src/platform.o   -Wl,--start-group,-lxil,-lgcc,-lc,--end-group
Finished building target: LAPPDKrang.elf
 
Invoking: MicroBlaze Print Size
mb-size LAPPDKrang.elf  |tee "LAPPDKrang.elf.size"
   text	   data	    bss	    dec	    hex	filename
  22200	   1308	   8996	  32504	   7ef8	LAPPDKrang.elf
Finished building: LAPPDKrang.elf.size
 
19:00:12 **** Incremental Build of configuration Debug for project LAPPDKrang ****
make all 
make: Nothing to be done for 'all'.
19:02:17 **** Auto Build of configuration Debug for project LAPPDKrang ****
make all 
Building file: ../src/helloworld.c
Invoking: MicroBlaze gcc compiler
mb-gcc -Wall -O0 -g3 -c -fmessage-length=0 -MT"src/helloworld.o" -I../../LAPPDKrang_bsp/microblaze_0/include -mlittle-endian -mcpu=v10.0 -mxl-soft-mul -Wl,--no-relax -ffunction-sections -fdata-sections -MMD -MP -MF"src/helloworld.d" -MT"src/helloworld.o" -o "src/helloworld.o" "../src/helloworld.c"
Finished building: ../src/helloworld.c
 
Building target: LAPPDKrang.elf
Invoking: MicroBlaze gcc linker
mb-gcc -Wl,-T -Wl,../src/lscript.ld -L../../LAPPDKrang_bsp/microblaze_0/lib -mlittle-endian -mcpu=v10.0 -mxl-soft-mul -Wl,--no-relax -Wl,--gc-sections -o "LAPPDKrang.elf"  ./src/helloworld.o ./src/platform.o   -Wl,--start-group,-lxil,-lgcc,-lc,--end-group
Finished building target: LAPPDKrang.elf
 
Invoking: MicroBlaze Print Size
mb-size LAPPDKrang.elf  |tee "LAPPDKrang.elf.size"
   text	   data	    bss	    dec	    hex	filename
  22208	   1308	   8996	  32512	   7f00	LAPPDKrang.elf
Finished building: LAPPDKrang.elf.size
 
19:02:21 **** Incremental Build of configuration Debug for project LAPPDKrang ****
make all 
make: Nothing to be done for 'all'.
19:04:02 **** Auto Build of configuration Debug for project LAPPDKrang ****
make all 
Building file: ../src/helloworld.c
Invoking: MicroBlaze gcc compiler
mb-gcc -Wall -O0 -g3 -c -fmessage-length=0 -MT"src/helloworld.o" -I../../LAPPDKrang_bsp/microblaze_0/include -mlittle-endian -mcpu=v10.0 -mxl-soft-mul -Wl,--no-relax -ffunction-sections -fdata-sections -MMD -MP -MF"src/helloworld.d" -MT"src/helloworld.o" -o "src/helloworld.o" "../src/helloworld.c"
Finished building: ../src/helloworld.c
 
Building target: LAPPDKrang.elf
Invoking: MicroBlaze gcc linker
mb-gcc -Wl,-T -Wl,../src/lscript.ld -L../../LAPPDKrang_bsp/microblaze_0/lib -mlittle-endian -mcpu=v10.0 -mxl-soft-mul -Wl,--no-relax -Wl,--gc-sections -o "LAPPDKrang.elf"  ./src/helloworld.o ./src/platform.o   -Wl,--start-group,-lxil,-lgcc,-lc,--end-group
Finished building target: LAPPDKrang.elf
 
Invoking: MicroBlaze Print Size
mb-size LAPPDKrang.elf  |tee "LAPPDKrang.elf.size"
   text	   data	    bss	    dec	    hex	filename
  22216	   1308	   8996	  32520	   7f08	LAPPDKrang.elf
Finished building: LAPPDKrang.elf.size
 
19:04:13 **** Incremental Build of configuration Debug for project LAPPDKrang ****
make all 
make: Nothing to be done for 'all'.
19:27:05 **** Auto Build of configuration Debug for project LAPPDKrang ****
make all 
Building file: ../src/helloworld.c
Invoking: MicroBlaze gcc compiler
mb-gcc -Wall -O0 -g3 -c -fmessage-length=0 -MT"src/helloworld.o" -I../../LAPPDKrang_bsp/microblaze_0/include -mlittle-endian -mcpu=v10.0 -mxl-soft-mul -Wl,--no-relax -ffunction-sections -fdata-sections -MMD -MP -MF"src/helloworld.d" -MT"src/helloworld.o" -o "src/helloworld.o" "../src/helloworld.c"
Finished building: ../src/helloworld.c
 
Building target: LAPPDKrang.elf
Invoking: MicroBlaze gcc linker
mb-gcc -Wl,-T -Wl,../src/lscript.ld -L../../LAPPDKrang_bsp/microblaze_0/lib -mlittle-endian -mcpu=v10.0 -mxl-soft-mul -Wl,--no-relax -Wl,--gc-sections -o "LAPPDKrang.elf"  ./src/helloworld.o ./src/platform.o   -Wl,--start-group,-lxil,-lgcc,-lc,--end-group
Finished building target: LAPPDKrang.elf
 
Invoking: MicroBlaze Print Size
mb-size LAPPDKrang.elf  |tee "LAPPDKrang.elf.size"
   text	   data	    bss	    dec	    hex	filename
  22292	   1308	   9000	  32600	   7f58	LAPPDKrang.elf
Finished building: LAPPDKrang.elf.size
 
19:27:23 **** Incremental Build of configuration Debug for project LAPPDKrang ****
make all 
make: Nothing to be done for 'all'.
19:31:42 **** Auto Build of configuration Debug for project LAPPDKrang ****
make all 
Building file: ../src/helloworld.c
Invoking: MicroBlaze gcc compiler
mb-gcc -Wall -O0 -g3 -c -fmessage-length=0 -MT"src/helloworld.o" -I../../LAPPDKrang_bsp/microblaze_0/include -mlittle-endian -mcpu=v10.0 -mxl-soft-mul -Wl,--no-relax -ffunction-sections -fdata-sections -MMD -MP -MF"src/helloworld.d" -MT"src/helloworld.o" -o "src/helloworld.o" "../src/helloworld.c"
Finished building: ../src/helloworld.c
 
Building target: LAPPDKrang.elf
Invoking: MicroBlaze gcc linker
mb-gcc -Wl,-T -Wl,../src/lscript.ld -L../../LAPPDKrang_bsp/microblaze_0/lib -mlittle-endian -mcpu=v10.0 -mxl-soft-mul -Wl,--no-relax -Wl,--gc-sections -o "LAPPDKrang.elf"  ./src/helloworld.o ./src/platform.o   -Wl,--start-group,-lxil,-lgcc,-lc,--end-group
Finished building target: LAPPDKrang.elf
 
Invoking: MicroBlaze Print Size
mb-size LAPPDKrang.elf  |tee "LAPPDKrang.elf.size"
   text	   data	    bss	    dec	    hex	filename
  22216	   1308	   8996	  32520	   7f08	LAPPDKrang.elf
Finished building: LAPPDKrang.elf.size
 
19:31:46 **** Incremental Build of configuration Debug for project LAPPDKrang ****
make all 
make: Nothing to be done for 'all'.
19:35:23 **** Incremental Build of configuration Debug for project LAPPDKrang ****
make all 
make: Nothing to be done for 'all'.
19:43:51 **** Auto Build of configuration Debug for project LAPPDKrang ****
make all 
Building file: ../src/helloworld.c
Invoking: MicroBlaze gcc compiler
mb-gcc -Wall -O0 -g3 -c -fmessage-length=0 -MT"src/helloworld.o" -I../../LAPPDKrang_bsp/microblaze_0/include -mlittle-endian -mcpu=v10.0 -mxl-soft-mul -Wl,--no-relax -ffunction-sections -fdata-sections -MMD -MP -MF"src/helloworld.d" -MT"src/helloworld.o" -o "src/helloworld.o" "../src/helloworld.c"
Finished building: ../src/helloworld.c
 
Building target: LAPPDKrang.elf
Invoking: MicroBlaze gcc linker
mb-gcc -Wl,-T -Wl,../src/lscript.ld -L../../LAPPDKrang_bsp/microblaze_0/lib -mlittle-endian -mcpu=v10.0 -mxl-soft-mul -Wl,--no-relax -Wl,--gc-sections -o "LAPPDKrang.elf"  ./src/helloworld.o ./src/platform.o   -Wl,--start-group,-lxil,-lgcc,-lc,--end-group
Finished building target: LAPPDKrang.elf
 
Invoking: MicroBlaze Print Size
mb-size LAPPDKrang.elf  |tee "LAPPDKrang.elf.size"
   text	   data	    bss	    dec	    hex	filename
  22244	   1308	   9000	  32552	   7f28	LAPPDKrang.elf
Finished building: LAPPDKrang.elf.size
 
19:43:56 **** Incremental Build of configuration Debug for project LAPPDKrang ****
make all 
make: Nothing to be done for 'all'.
19:47:14 **** Auto Build of configuration Debug for project LAPPDKrang ****
make all 
Building file: ../src/helloworld.c
Invoking: MicroBlaze gcc compiler
mb-gcc -Wall -O0 -g3 -c -fmessage-length=0 -MT"src/helloworld.o" -I../../LAPPDKrang_bsp/microblaze_0/include -mlittle-endian -mcpu=v10.0 -mxl-soft-mul -Wl,--no-relax -ffunction-sections -fdata-sections -MMD -MP -MF"src/helloworld.d" -MT"src/helloworld.o" -o "src/helloworld.o" "../src/helloworld.c"
Finished building: ../src/helloworld.c
 
Building target: LAPPDKrang.elf
Invoking: MicroBlaze gcc linker
mb-gcc -Wl,-T -Wl,../src/lscript.ld -L../../LAPPDKrang_bsp/microblaze_0/lib -mlittle-endian -mcpu=v10.0 -mxl-soft-mul -Wl,--no-relax -Wl,--gc-sections -o "LAPPDKrang.elf"  ./src/helloworld.o ./src/platform.o   -Wl,--start-group,-lxil,-lgcc,-lc,--end-group
Finished building target: LAPPDKrang.elf
 
Invoking: MicroBlaze Print Size
mb-size LAPPDKrang.elf  |tee "LAPPDKrang.elf.size"
   text	   data	    bss	    dec	    hex	filename
  22240	   1308	   8996	  32544	   7f20	LAPPDKrang.elf
Finished building: LAPPDKrang.elf.size
 
19:47:17 **** Incremental Build of configuration Debug for project LAPPDKrang ****
make all 
make: Nothing to be done for 'all'.
19:49:04 **** Auto Build of configuration Debug for project LAPPDKrang ****
make all 
Building file: ../src/helloworld.c
Invoking: MicroBlaze gcc compiler
mb-gcc -Wall -O0 -g3 -c -fmessage-length=0 -MT"src/helloworld.o" -I../../LAPPDKrang_bsp/microblaze_0/include -mlittle-endian -mcpu=v10.0 -mxl-soft-mul -Wl,--no-relax -ffunction-sections -fdata-sections -MMD -MP -MF"src/helloworld.d" -MT"src/helloworld.o" -o "src/helloworld.o" "../src/helloworld.c"
Finished building: ../src/helloworld.c
 
Building target: LAPPDKrang.elf
Invoking: MicroBlaze gcc linker
mb-gcc -Wl,-T -Wl,../src/lscript.ld -L../../LAPPDKrang_bsp/microblaze_0/lib -mlittle-endian -mcpu=v10.0 -mxl-soft-mul -Wl,--no-relax -Wl,--gc-sections -o "LAPPDKrang.elf"  ./src/helloworld.o ./src/platform.o   -Wl,--start-group,-lxil,-lgcc,-lc,--end-group
Finished building target: LAPPDKrang.elf
 
Invoking: MicroBlaze Print Size
mb-size LAPPDKrang.elf  |tee "LAPPDKrang.elf.size"
   text	   data	    bss	    dec	    hex	filename
  22248	   1308	   8996	  32552	   7f28	LAPPDKrang.elf
Finished building: LAPPDKrang.elf.size
 
19:49:08 **** Incremental Build of configuration Debug for project LAPPDKrang ****
make all 
make: Nothing to be done for 'all'.
19:57:20 **** Auto Build of configuration Debug for project LAPPDKrang ****
make all 
Building file: ../src/helloworld.c
Invoking: MicroBlaze gcc compiler
mb-gcc -Wall -O0 -g3 -c -fmessage-length=0 -MT"src/helloworld.o" -I../../LAPPDKrang_bsp/microblaze_0/include -mlittle-endian -mcpu=v10.0 -mxl-soft-mul -Wl,--no-relax -ffunction-sections -fdata-sections -MMD -MP -MF"src/helloworld.d" -MT"src/helloworld.o" -o "src/helloworld.o" "../src/helloworld.c"
Finished building: ../src/helloworld.c
 
Building target: LAPPDKrang.elf
Invoking: MicroBlaze gcc linker
mb-gcc -Wl,-T -Wl,../src/lscript.ld -L../../LAPPDKrang_bsp/microblaze_0/lib -mlittle-endian -mcpu=v10.0 -mxl-soft-mul -Wl,--no-relax -Wl,--gc-sections -o "LAPPDKrang.elf"  ./src/helloworld.o ./src/platform.o   -Wl,--start-group,-lxil,-lgcc,-lc,--end-group
Finished building target: LAPPDKrang.elf
 
Invoking: MicroBlaze Print Size
mb-size LAPPDKrang.elf  |tee "LAPPDKrang.elf.size"
   text	   data	    bss	    dec	    hex	filename
  22248	   1308	   8996	  32552	   7f28	LAPPDKrang.elf
Finished building: LAPPDKrang.elf.size
 
19:57:30 **** Incremental Build of configuration Debug for project LAPPDKrang ****
make all 
make: Nothing to be done for 'all'.
