Release 14.7 - xst P.20131013 (lin64)
Copyright (c) 1995-2013 Xilinx, Inc.  All rights reserved.
--> 
Parameter TMPDIR set to xst/projnav.tmp


Total REAL time to Xst completion: 0.00 secs
Total CPU time to Xst completion: 0.04 secs
 
--> 
Parameter xsthdpdir set to xst


Total REAL time to Xst completion: 0.00 secs
Total CPU time to Xst completion: 0.04 secs
 
--> 
Reading design: signal_display_top.prj

TABLE OF CONTENTS
  1) Synthesis Options Summary
  2) HDL Parsing
  3) HDL Elaboration
  4) HDL Synthesis
       4.1) HDL Synthesis Report
  5) Advanced HDL Synthesis
       5.1) Advanced HDL Synthesis Report
  6) Low Level Synthesis
  7) Partition Report
  8) Design Summary
       8.1) Primitive and Black Box Usage
       8.2) Device utilization summary
       8.3) Partition Resource Summary
       8.4) Timing Report
            8.4.1) Clock Information
            8.4.2) Asynchronous Control Signals Information
            8.4.3) Timing Summary
            8.4.4) Timing Details
            8.4.5) Cross Clock Domains Report


=========================================================================
*                      Synthesis Options Summary                        *
=========================================================================
---- Source Parameters
Input File Name                    : "signal_display_top.prj"
Ignore Synthesis Constraint File   : NO

---- Target Parameters
Output File Name                   : "signal_display_top"
Output Format                      : NGC
Target Device                      : xc6slx9-3-tqg144

---- Source Options
Top Module Name                    : signal_display_top
Automatic FSM Extraction           : YES
FSM Encoding Algorithm             : Auto
Safe Implementation                : No
FSM Style                          : LUT
RAM Extraction                     : Yes
RAM Style                          : Auto
ROM Extraction                     : Yes
Shift Register Extraction          : YES
ROM Style                          : Auto
Resource Sharing                   : YES
Asynchronous To Synchronous        : NO
Shift Register Minimum Size        : 2
Use DSP Block                      : Auto
Automatic Register Balancing       : No

---- Target Options
LUT Combining                      : Auto
Reduce Control Sets                : Auto
Add IO Buffers                     : YES
Global Maximum Fanout              : 100000
Add Generic Clock Buffer(BUFG)     : 16
Register Duplication               : YES
Optimize Instantiated Primitives   : NO
Use Clock Enable                   : Auto
Use Synchronous Set                : Auto
Use Synchronous Reset              : Auto
Pack IO Registers into IOBs        : Auto
Equivalent register Removal        : YES

---- General Options
Optimization Goal                  : Speed
Optimization Effort                : 1
Power Reduction                    : NO
Keep Hierarchy                     : No
Netlist Hierarchy                  : As_Optimized
RTL Output                         : Yes
Global Optimization                : AllClockNets
Read Cores                         : YES
Write Timing Constraints           : NO
Cross Clock Analysis               : NO
Hierarchy Separator                : /
Bus Delimiter                      : <>
Case Specifier                     : Maintain
Slice Utilization Ratio            : 100
BRAM Utilization Ratio             : 100
DSP48 Utilization Ratio            : 100
Auto BRAM Packing                  : NO
Slice Utilization Ratio Delta      : 5

=========================================================================


=========================================================================
*                          HDL Parsing                                  *
=========================================================================
Analyzing Verilog file "/home/kevin/Downloads/mojo-base-project-master/src/spi_slave.v" into library work
Parsing module <spi_slave>.
Analyzing Verilog file "/home/kevin/Downloads/mojo-base-project-master/src/serial_tx.v" into library work
Parsing module <serial_tx>.
INFO:HDLCompiler:693 - "/home/kevin/Downloads/mojo-base-project-master/src/serial_tx.v" Line 14. parameter declaration becomes local in serial_tx with formal parameter declaration list
Analyzing Verilog file "/home/kevin/Downloads/mojo-base-project-master/src/serial_rx.v" into library work
Parsing module <serial_rx>.
INFO:HDLCompiler:693 - "/home/kevin/Downloads/mojo-base-project-master/src/serial_rx.v" Line 12. parameter declaration becomes local in serial_rx with formal parameter declaration list
Analyzing Verilog file "/home/kevin/Downloads/mojo-base-project-master/src/cclk_detector.v" into library work
Parsing module <cclk_detector>.
INFO:HDLCompiler:693 - "/home/kevin/Downloads/mojo-base-project-master/src/cclk_detector.v" Line 10. parameter declaration becomes local in cclk_detector with formal parameter declaration list
Analyzing Verilog file "/home/kevin/Downloads/mojo-base-project-master/src/avr_interface.v" into library work
Parsing module <avr_interface>.
INFO:HDLCompiler:693 - "/home/kevin/Downloads/mojo-base-project-master/src/avr_interface.v" Line 80. parameter declaration becomes local in avr_interface with formal parameter declaration list
Parsing VHDL file "/home/kevin/project/ise/SSD_display/SSD_display.vhd" into library work
Parsing entity <SSD_display>.
Parsing architecture <Behavioral> of entity <ssd_display>.
Parsing VHDL file "/home/kevin/project/ise/DecimalToBinary/BinaryToDecimal.vhd" into library work
Parsing entity <BinaryToDecimal>.
Parsing architecture <Behavioral> of entity <binarytodecimal>.
Parsing VHDL file "/home/kevin/project/ise/adder2/adder2.vhd" into library work
Parsing entity <adder2>.
Parsing architecture <Behavioral> of entity <adder2>.
Parsing VHDL file "/home/kevin/project/ise/Signal_display_top/signal_display_top.vhd" into library work
Parsing entity <signal_display_top>.
Parsing architecture <Behavioral> of entity <signal_display_top>.

=========================================================================
*                            HDL Elaboration                            *
=========================================================================

Elaborating entity <signal_display_top> (architecture <Behavioral>) with generics from library <work>.

Elaborating entity <adder2> (architecture <Behavioral>) with generics from library <work>.

Elaborating entity <BinaryToDecimal> (architecture <Behavioral>) from library <work>.

Elaborating entity <SSD_display> (architecture <Behavioral>) from library <work>.
Going to verilog side to elaborate module avr_interface

Elaborating module <avr_interface(CLK_RATE=50000000,SERIAL_BAUD_RATE=500000)>.

Elaborating module <cclk_detector(CLK_RATE=50000000)>.

Elaborating module <spi_slave>.

Elaborating module <serial_rx(CLK_PER_BIT=100)>.

Elaborating module <serial_tx(CLK_PER_BIT=100)>.
Back to vhdl to continue elaboration
WARNING:HDLCompiler:634 - "/home/kevin/project/ise/Signal_display_top/signal_display_top.vhd" Line 57: Net <bcdinput[11]> does not have a driver.
WARNING:HDLCompiler:634 - "/home/kevin/project/ise/Signal_display_top/signal_display_top.vhd" Line 61: Net <channel[3]> does not have a driver.
WARNING:HDLCompiler:634 - "/home/kevin/project/ise/Signal_display_top/signal_display_top.vhd" Line 62: Net <rst> does not have a driver.

=========================================================================
*                           HDL Synthesis                               *
=========================================================================

Synthesizing Unit <signal_display_top>.
    Related source file is "/home/kevin/project/ise/Signal_display_top/signal_display_top.vhd".
        n = 8
WARNING:Xst:647 - Input <rst_n> is never used. This port will be preserved and left unconnected if it belongs to a top-level block or it belongs to a sub-block and the hierarchy of this sub-block is preserved.
INFO:Xst:3210 - "/home/kevin/project/ise/Signal_display_top/signal_display_top.vhd" line 84: Output port <sample_channel> of the instance <AVR> is unconnected or connected to loadless signal.
INFO:Xst:3210 - "/home/kevin/project/ise/Signal_display_top/signal_display_top.vhd" line 84: Output port <rx_data> of the instance <AVR> is unconnected or connected to loadless signal.
INFO:Xst:3210 - "/home/kevin/project/ise/Signal_display_top/signal_display_top.vhd" line 84: Output port <new_sample> of the instance <AVR> is unconnected or connected to loadless signal.
INFO:Xst:3210 - "/home/kevin/project/ise/Signal_display_top/signal_display_top.vhd" line 84: Output port <tx_busy> of the instance <AVR> is unconnected or connected to loadless signal.
INFO:Xst:3210 - "/home/kevin/project/ise/Signal_display_top/signal_display_top.vhd" line 84: Output port <new_rx_data> of the instance <AVR> is unconnected or connected to loadless signal.
WARNING:Xst:653 - Signal <bcdinput<11:10>> is used but never assigned. This sourceless signal will be automatically connected to value GND.
WARNING:Xst:653 - Signal <channel> is used but never assigned. This sourceless signal will be automatically connected to value GND.
WARNING:Xst:653 - Signal <rst> is used but never assigned. This sourceless signal will be automatically connected to value GND.
    Summary:
	inferred   1 Multiplexer(s).
Unit <signal_display_top> synthesized.

Synthesizing Unit <adder2>.
    Related source file is "/home/kevin/project/ise/adder2/adder2.vhd".
        n = 8
    Summary:
Unit <adder2> synthesized.

Synthesizing Unit <BinaryToDecimal>.
    Related source file is "/home/kevin/project/ise/DecimalToBinary/BinaryToDecimal.vhd".
    Found 4-bit adder for signal <GND_6_o_GND_6_o_add_1_OUT> created at line 1241.
    Found 4-bit adder for signal <GND_6_o_GND_6_o_add_4_OUT> created at line 1241.
    Found 4-bit adder for signal <n0163> created at line 1241.
    Found 4-bit adder for signal <GND_6_o_GND_6_o_add_8_OUT> created at line 1241.
    Found 4-bit adder for signal <GND_6_o_GND_6_o_add_10_OUT> created at line 1241.
    Found 4-bit adder for signal <n0166> created at line 1241.
    Found 4-bit adder for signal <GND_6_o_GND_6_o_add_14_OUT> created at line 1241.
    Found 4-bit adder for signal <GND_6_o_GND_6_o_add_16_OUT> created at line 1241.
    Found 4-bit adder for signal <n0169> created at line 1241.
    Found 4-bit adder for signal <GND_6_o_GND_6_o_add_20_OUT> created at line 1241.
    Found 4-bit adder for signal <GND_6_o_GND_6_o_add_22_OUT> created at line 1241.
    Found 4-bit adder for signal <n0172> created at line 1241.
    Found 4-bit adder for signal <bcdinput[8]_GND_6_o_add_26_OUT> created at line 1241.
    Found 4-bit adder for signal <GND_6_o_GND_6_o_add_28_OUT> created at line 1241.
    Found 4-bit adder for signal <n0175> created at line 1241.
    Found 4-bit adder for signal <bcdinput[7]_GND_6_o_add_32_OUT> created at line 1241.
    Found 4-bit adder for signal <GND_6_o_GND_6_o_add_34_OUT> created at line 1241.
    Found 4-bit adder for signal <GND_6_o_GND_6_o_add_36_OUT> created at line 1241.
    Found 4-bit adder for signal <bcdinput[6]_GND_6_o_add_38_OUT> created at line 1241.
    Found 4-bit adder for signal <GND_6_o_GND_6_o_add_40_OUT> created at line 1241.
    Found 4-bit adder for signal <GND_6_o_GND_6_o_add_42_OUT> created at line 1241.
    Found 4-bit adder for signal <bcdinput[5]_GND_6_o_add_44_OUT> created at line 1241.
    Found 4-bit adder for signal <GND_6_o_GND_6_o_add_46_OUT> created at line 1241.
    Found 4-bit adder for signal <GND_6_o_GND_6_o_add_48_OUT> created at line 1241.
    Found 4-bit adder for signal <bcdinput[4]_GND_6_o_add_50_OUT> created at line 1241.
    Found 4-bit adder for signal <bcdinput[8]_GND_6_o_add_52_OUT> created at line 1241.
    Found 4-bit adder for signal <GND_6_o_GND_6_o_add_54_OUT> created at line 1241.
    Found 3-bit comparator greater for signal <PWR_6_o_bcdinput[11]_LessThan_1_o> created at line 58
    Found 4-bit comparator greater for signal <GND_6_o_GND_6_o_LessThan_4_o> created at line 62
    Found 4-bit comparator greater for signal <GND_6_o_GND_6_o_LessThan_6_o> created at line 66
    Found 4-bit comparator greater for signal <GND_6_o_GND_6_o_LessThan_8_o> created at line 58
    Found 4-bit comparator greater for signal <GND_6_o_GND_6_o_LessThan_10_o> created at line 62
    Found 4-bit comparator greater for signal <GND_6_o_GND_6_o_LessThan_12_o> created at line 66
    Found 4-bit comparator greater for signal <GND_6_o_GND_6_o_LessThan_14_o> created at line 58
    Found 4-bit comparator greater for signal <GND_6_o_GND_6_o_LessThan_16_o> created at line 62
    Found 4-bit comparator greater for signal <GND_6_o_GND_6_o_LessThan_18_o> created at line 66
    Found 4-bit comparator greater for signal <GND_6_o_GND_6_o_LessThan_20_o> created at line 58
    Found 4-bit comparator greater for signal <GND_6_o_GND_6_o_LessThan_22_o> created at line 62
    Found 4-bit comparator greater for signal <GND_6_o_GND_6_o_LessThan_24_o> created at line 66
    Found 4-bit comparator greater for signal <GND_6_o_bcdinput[8]_LessThan_26_o> created at line 58
    Found 4-bit comparator greater for signal <GND_6_o_GND_6_o_LessThan_28_o> created at line 62
    Found 4-bit comparator greater for signal <GND_6_o_GND_6_o_LessThan_30_o> created at line 66
    Found 4-bit comparator greater for signal <GND_6_o_bcdinput[7]_LessThan_32_o> created at line 58
    Found 4-bit comparator greater for signal <GND_6_o_GND_6_o_LessThan_34_o> created at line 62
    Found 4-bit comparator greater for signal <GND_6_o_GND_6_o_LessThan_36_o> created at line 66
    Found 4-bit comparator greater for signal <GND_6_o_bcdinput[6]_LessThan_38_o> created at line 58
    Found 4-bit comparator greater for signal <GND_6_o_GND_6_o_LessThan_40_o> created at line 62
    Found 4-bit comparator greater for signal <GND_6_o_GND_6_o_LessThan_42_o> created at line 66
    Found 4-bit comparator greater for signal <GND_6_o_bcdinput[5]_LessThan_44_o> created at line 58
    Found 4-bit comparator greater for signal <GND_6_o_GND_6_o_LessThan_46_o> created at line 62
    Found 4-bit comparator greater for signal <GND_6_o_GND_6_o_LessThan_48_o> created at line 66
    Found 4-bit comparator greater for signal <GND_6_o_bcdinput[4]_LessThan_50_o> created at line 58
    Found 4-bit comparator greater for signal <GND_6_o_bcdinput[8]_LessThan_52_o> created at line 62
    Found 4-bit comparator greater for signal <GND_6_o_GND_6_o_LessThan_54_o> created at line 66
    Summary:
	inferred  27 Adder/Subtractor(s).
	inferred  27 Comparator(s).
	inferred 100 Multiplexer(s).
Unit <BinaryToDecimal> synthesized.

Synthesizing Unit <SSD_display>.
    Related source file is "/home/kevin/project/ise/SSD_display/SSD_display.vhd".
    Found 4-bit register for signal <io_sel>.
    Found 4-bit register for signal <Reader>.
    Found 16-bit register for signal <count>.
    Found 16-bit adder for signal <count[15]_GND_7_o_add_0_OUT> created at line 53.
    Found 16x8-bit Read Only RAM for signal <io_seg>
    Summary:
	inferred   1 RAM(s).
	inferred   1 Adder/Subtractor(s).
	inferred  24 D-type flip-flop(s).
	inferred   3 Multiplexer(s).
Unit <SSD_display> synthesized.

Synthesizing Unit <avr_interface>.
    Related source file is "/home/kevin/Downloads/mojo-base-project-master/src/avr_interface.v".
        CLK_RATE = 50000000
        SERIAL_BAUD_RATE = 500000
    Found 10-bit register for signal <sample_q>.
    Found 1-bit register for signal <new_sample_q>.
    Found 4-bit register for signal <block_q>.
    Found 1-bit register for signal <busy_q>.
    Found 4-bit register for signal <sample_channel_q>.
    Found 1-bit register for signal <byte_ct_q>.
    Found 1-bit tristate buffer for signal <spi_channel<3>> created at line 106
    Found 1-bit tristate buffer for signal <spi_channel<2>> created at line 106
    Found 1-bit tristate buffer for signal <spi_channel<1>> created at line 106
    Found 1-bit tristate buffer for signal <spi_channel<0>> created at line 106
    Found 1-bit tristate buffer for signal <spi_miso> created at line 107
    Found 1-bit tristate buffer for signal <tx> created at line 108
    Summary:
	inferred  21 D-type flip-flop(s).
	inferred   1 Multiplexer(s).
	inferred   6 Tristate(s).
Unit <avr_interface> synthesized.

Synthesizing Unit <cclk_detector>.
    Related source file is "/home/kevin/Downloads/mojo-base-project-master/src/cclk_detector.v".
        CLK_RATE = 50000000
    Found 1-bit register for signal <ready_q>.
    Found 10-bit register for signal <ctr_q>.
    Found 10-bit adder for signal <ctr_q[9]_GND_10_o_add_2_OUT> created at line 24.
    Summary:
	inferred   1 Adder/Subtractor(s).
	inferred  11 D-type flip-flop(s).
Unit <cclk_detector> synthesized.

Synthesizing Unit <spi_slave>.
    Related source file is "/home/kevin/Downloads/mojo-base-project-master/src/spi_slave.v".
    Found 3-bit register for signal <bit_ct_q>.
    Found 8-bit register for signal <dout_q>.
    Found 1-bit register for signal <miso_q>.
    Found 1-bit register for signal <sck_q>.
    Found 1-bit register for signal <mosi_q>.
    Found 1-bit register for signal <ss_q>.
    Found 8-bit register for signal <data_q>.
    Found 1-bit register for signal <sck_old_q>.
    Found 1-bit register for signal <done_q>.
    Found 3-bit adder for signal <bit_ct_q[2]_GND_11_o_add_1_OUT> created at line 45.
    Summary:
	inferred   1 Adder/Subtractor(s).
	inferred  25 D-type flip-flop(s).
	inferred   2 Multiplexer(s).
Unit <spi_slave> synthesized.

Synthesizing Unit <serial_rx>.
    Related source file is "/home/kevin/Downloads/mojo-base-project-master/src/serial_rx.v".
        CLK_PER_BIT = 100
    Found 3-bit register for signal <bit_ctr_q>.
    Found 1-bit register for signal <new_data_q>.
    Found 2-bit register for signal <state_q>.
    Found 1-bit register for signal <rx_q>.
    Found 8-bit register for signal <data_q>.
    Found 7-bit register for signal <ctr_q>.
    Found finite state machine <FSM_0> for signal <state_q>.
    -----------------------------------------------------------------------
    | States             | 4                                              |
    | Transitions        | 9                                              |
    | Inputs             | 4                                              |
    | Outputs            | 2                                              |
    | Clock              | clk (rising_edge)                              |
    | Reset              | rst (positive)                                 |
    | Reset type         | synchronous                                    |
    | Reset State        | 00                                             |
    | Power Up State     | 00                                             |
    | Encoding           | auto                                           |
    | Implementation     | LUT                                            |
    -----------------------------------------------------------------------
    Found 7-bit adder for signal <ctr_q[6]_GND_12_o_add_7_OUT> created at line 54.
    Found 3-bit adder for signal <bit_ctr_q[2]_GND_12_o_add_9_OUT> created at line 57.
    Summary:
	inferred   2 Adder/Subtractor(s).
	inferred  20 D-type flip-flop(s).
	inferred   7 Multiplexer(s).
	inferred   1 Finite State Machine(s).
Unit <serial_rx> synthesized.

Synthesizing Unit <serial_tx>.
    Related source file is "/home/kevin/Downloads/mojo-base-project-master/src/serial_tx.v".
        CLK_PER_BIT = 100
    Found 1-bit register for signal <tx_q>.
    Found 1-bit register for signal <block_q>.
    Found 3-bit register for signal <bit_ctr_q>.
    Found 7-bit register for signal <ctr_q>.
    Found 1-bit register for signal <busy_q>.
    Found 2-bit register for signal <state_q>.
INFO:Xst:1799 - State 10 is never reached in FSM <state_q>.
INFO:Xst:1799 - State 11 is never reached in FSM <state_q>.
    Found finite state machine <FSM_1> for signal <state_q>.
    -----------------------------------------------------------------------
    | States             | 3                                              |
    | Transitions        | 1                                              |
    | Inputs             | 2                                              |
    | Outputs            | 1                                              |
    | Clock              | clk (rising_edge)                              |
    | Reset              | rst (positive)                                 |
    | Reset type         | synchronous                                    |
    | Reset State        | 00                                             |
    | Power Up State     | 00                                             |
    | Encoding           | auto                                           |
    | Implementation     | LUT                                            |
    -----------------------------------------------------------------------
    Summary:
	inferred  10 D-type flip-flop(s).
	inferred   1 Multiplexer(s).
	inferred   1 Finite State Machine(s).
Unit <serial_tx> synthesized.

=========================================================================
HDL Synthesis Report

Macro Statistics
# RAMs                                                 : 1
 16x8-bit single-port Read Only RAM                    : 1
# Adders/Subtractors                                   : 32
 10-bit adder                                          : 1
 16-bit adder                                          : 1
 3-bit adder                                           : 2
 4-bit adder                                           : 27
 7-bit adder                                           : 1
# Registers                                            : 29
 1-bit register                                        : 15
 10-bit register                                       : 2
 16-bit register                                       : 1
 3-bit register                                        : 2
 4-bit register                                        : 4
 7-bit register                                        : 2
 8-bit register                                        : 3
# Comparators                                          : 27
 3-bit comparator greater                              : 1
 4-bit comparator greater                              : 26
# Multiplexers                                         : 115
 1-bit 2-to-1 multiplexer                              : 102
 10-bit 2-to-1 multiplexer                             : 1
 16-bit 2-to-1 multiplexer                             : 2
 3-bit 2-to-1 multiplexer                              : 1
 4-bit 2-to-1 multiplexer                              : 3
 7-bit 2-to-1 multiplexer                              : 5
 8-bit 2-to-1 multiplexer                              : 1
# Tristates                                            : 6
 1-bit tristate buffer                                 : 6
# FSMs                                                 : 2
# Xors                                                 : 17
 1-bit xor2                                            : 17

=========================================================================

=========================================================================
*                       Advanced HDL Synthesis                          *
=========================================================================

WARNING:Xst:1290 - Hierarchical block <serial_rx> is unconnected in block <AVR>.
   It will be removed from the design.
WARNING:Xst:1710 - FF/Latch <block_q> (without init value) has a constant value of 0 in block <serial_tx>. This FF/Latch will be trimmed during the optimization process.
WARNING:Xst:1710 - FF/Latch <busy_q> (without init value) has a constant value of 0 in block <AVR>. This FF/Latch will be trimmed during the optimization process.
WARNING:Xst:1898 - Due to constant pushing, FF/Latch <block_q_0> is unconnected in block <AVR>.
WARNING:Xst:1898 - Due to constant pushing, FF/Latch <block_q_1> is unconnected in block <AVR>.
WARNING:Xst:1898 - Due to constant pushing, FF/Latch <block_q_2> is unconnected in block <AVR>.
WARNING:Xst:1898 - Due to constant pushing, FF/Latch <block_q_3> is unconnected in block <AVR>.

Synthesizing (advanced) Unit <SSD_display>.
The following registers are absorbed into counter <count>: 1 register on signal <count>.
INFO:Xst:3231 - The small RAM <Mram_io_seg> will be implemented on LUTs in order to maximize performance and save block RAM resources. If you want to force its implementation on block, use option/constraint ram_style.
    -----------------------------------------------------------------------
    | ram_type           | Distributed                         |          |
    -----------------------------------------------------------------------
    | Port A                                                              |
    |     aspect ratio   | 16-word x 8-bit                     |          |
    |     weA            | connected to signal <GND>           | high     |
    |     addrA          | connected to signal <Reader>        |          |
    |     diA            | connected to signal <GND>           |          |
    |     doA            | connected to signal <io_seg>        |          |
    -----------------------------------------------------------------------
Unit <SSD_display> synthesized (advanced).

Synthesizing (advanced) Unit <cclk_detector>.
The following registers are absorbed into counter <ctr_q>: 1 register on signal <ctr_q>.
Unit <cclk_detector> synthesized (advanced).

Synthesizing (advanced) Unit <serial_rx>.
The following registers are absorbed into counter <bit_ctr_q>: 1 register on signal <bit_ctr_q>.
Unit <serial_rx> synthesized (advanced).

Synthesizing (advanced) Unit <spi_slave>.
The following registers are absorbed into counter <bit_ct_q>: 1 register on signal <bit_ct_q>.
Unit <spi_slave> synthesized (advanced).

=========================================================================
Advanced HDL Synthesis Report

Macro Statistics
# RAMs                                                 : 1
 16x8-bit single-port distributed Read Only RAM        : 1
# Adders/Subtractors                                   : 29
 16-bit adder                                          : 1
 3-bit adder                                           : 5
 4-bit adder                                           : 22
 7-bit adder                                           : 1
# Counters                                             : 4
 10-bit up counter                                     : 1
 16-bit up counter                                     : 1
 3-bit up counter                                      : 2
# Registers                                            : 79
 Flip-Flops                                            : 79
# Comparators                                          : 27
 3-bit comparator greater                              : 1
 4-bit comparator greater                              : 26
# Multiplexers                                         : 114
 1-bit 2-to-1 multiplexer                              : 102
 10-bit 2-to-1 multiplexer                             : 1
 16-bit 2-to-1 multiplexer                             : 2
 4-bit 2-to-1 multiplexer                              : 3
 7-bit 2-to-1 multiplexer                              : 5
 8-bit 2-to-1 multiplexer                              : 1
# FSMs                                                 : 2
# Xors                                                 : 17
 1-bit xor2                                            : 17

=========================================================================

=========================================================================
*                         Low Level Synthesis                           *
=========================================================================
WARNING:Xst:1710 - FF/Latch <busy_q> (without init value) has a constant value of 0 in block <avr_interface>. This FF/Latch will be trimmed during the optimization process.
WARNING:Xst:1898 - Due to constant pushing, FF/Latch <block_q_0> is unconnected in block <avr_interface>.
WARNING:Xst:1898 - Due to constant pushing, FF/Latch <block_q_1> is unconnected in block <avr_interface>.
WARNING:Xst:1898 - Due to constant pushing, FF/Latch <block_q_2> is unconnected in block <avr_interface>.
WARNING:Xst:1898 - Due to constant pushing, FF/Latch <block_q_3> is unconnected in block <avr_interface>.
WARNING:Xst:1710 - FF/Latch <block_q> (without init value) has a constant value of 0 in block <serial_tx>. This FF/Latch will be trimmed during the optimization process.
Analyzing FSM <MFsm> for best encoding.
Optimizing FSM <AVR/serial_rx/FSM_0> on signal <state_q[1:2]> with gray encoding.
-------------------
 State | Encoding
-------------------
 00    | 00
 01    | 01
 10    | 11
 11    | 10
-------------------
Analyzing FSM <MFsm> for best encoding.
Optimizing FSM <AVR/serial_tx/FSM_1> on signal <state_q[1:2]> with user encoding.
-------------------
 State | Encoding
-------------------
 00    | 00
 10    | unreached
 11    | unreached
-------------------
WARNING:Xst:1710 - FF/Latch <tx_q> (without init value) has a constant value of 1 in block <serial_tx>. This FF/Latch will be trimmed during the optimization process.
WARNING:Xst:2677 - Node <ctr_q_0> of sequential type is unconnected in block <serial_tx>.
WARNING:Xst:2677 - Node <ctr_q_1> of sequential type is unconnected in block <serial_tx>.
WARNING:Xst:2677 - Node <ctr_q_2> of sequential type is unconnected in block <serial_tx>.
WARNING:Xst:2677 - Node <ctr_q_3> of sequential type is unconnected in block <serial_tx>.
WARNING:Xst:2677 - Node <ctr_q_4> of sequential type is unconnected in block <serial_tx>.
WARNING:Xst:2677 - Node <ctr_q_5> of sequential type is unconnected in block <serial_tx>.
WARNING:Xst:2677 - Node <ctr_q_6> of sequential type is unconnected in block <serial_tx>.
WARNING:Xst:2677 - Node <AVR/new_sample_q> of sequential type is unconnected in block <signal_display_top>.
WARNING:Xst:2677 - Node <AVR/sample_channel_q_3> of sequential type is unconnected in block <signal_display_top>.
WARNING:Xst:2677 - Node <AVR/sample_channel_q_2> of sequential type is unconnected in block <signal_display_top>.
WARNING:Xst:2677 - Node <AVR/sample_channel_q_1> of sequential type is unconnected in block <signal_display_top>.
WARNING:Xst:2677 - Node <AVR/sample_channel_q_0> of sequential type is unconnected in block <signal_display_top>.
WARNING:Xst:2973 - All outputs of instance <AVR/serial_rx> of block <serial_rx> are unconnected in block <signal_display_top>. Underlying logic will be removed.
WARNING:Xst:2677 - Node <AVR/serial_tx/busy_q> of sequential type is unconnected in block <signal_display_top>.

Optimizing unit <signal_display_top> ...

Optimizing unit <SSD_display> ...

Optimizing unit <spi_slave> ...

Optimizing unit <serial_rx> ...

Optimizing unit <adder2> ...

Optimizing unit <BinaryToDecimal> ...

Mapping all equations...
Building and optimizing final netlist ...
Found area constraint ratio of 100 (+ 5) on block signal_display_top, actual ratio is 3.
FlipFlop AVR/sample_q_6 has been replicated 1 time(s)
FlipFlop AVR/sample_q_7 has been replicated 2 time(s)
FlipFlop AVR/sample_q_8 has been replicated 1 time(s)
FlipFlop AVR/sample_q_9 has been replicated 3 time(s)

Final Macro Processing ...

=========================================================================
Final Register Report

Macro Statistics
# Registers                                            : 78
 Flip-Flops                                            : 78

=========================================================================

=========================================================================
*                           Partition Report                            *
=========================================================================

Partition Implementation Status
-------------------------------

  No Partitions were found in this design.

-------------------------------

=========================================================================
*                            Design Summary                             *
=========================================================================

Top Level Output File Name         : signal_display_top.ngc

Primitive and Black Box Usage:
------------------------------
# BELS                             : 263
#      GND                         : 1
#      INV                         : 6
#      LUT1                        : 39
#      LUT2                        : 20
#      LUT3                        : 16
#      LUT4                        : 23
#      LUT5                        : 16
#      LUT6                        : 53
#      MUXCY                       : 39
#      MUXF7                       : 7
#      VCC                         : 1
#      XORCY                       : 42
# FlipFlops/Latches                : 78
#      FD                          : 20
#      FDE                         : 8
#      FDR                         : 3
#      FDRE                        : 38
#      FDSE                        : 9
# Clock Buffers                    : 1
#      BUFGP                       : 1
# IO Buffers                       : 83
#      IBUF                        : 33
#      OBUF                        : 44
#      OBUFT                       : 6

Device utilization summary:
---------------------------

Selected Device : 6slx9tqg144-3 


Slice Logic Utilization: 
 Number of Slice Registers:              78  out of  11440     0%  
 Number of Slice LUTs:                  173  out of   5720     3%  
    Number used as Logic:               173  out of   5720     3%  

Slice Logic Distribution: 
 Number of LUT Flip Flop pairs used:    189
   Number with an unused Flip Flop:     111  out of    189    58%  
   Number with an unused LUT:            16  out of    189     8%  
   Number of fully used LUT-FF pairs:    62  out of    189    32%  
   Number of unique control sets:        12

IO Utilization: 
 Number of IOs:                          88
 Number of bonded IOBs:                  84  out of    102    82%  

Specific Feature Utilization:
 Number of BUFG/BUFGCTRLs:                1  out of     16     6%  

---------------------------
Partition Resource Summary:
---------------------------

  No Partitions were found in this design.

---------------------------


=========================================================================
Timing Report

NOTE: THESE TIMING NUMBERS ARE ONLY A SYNTHESIS ESTIMATE.
      FOR ACCURATE TIMING INFORMATION PLEASE REFER TO THE TRACE REPORT
      GENERATED AFTER PLACE-and-ROUTE.

Clock Information:
------------------
-----------------------------------+------------------------+-------+
Clock Signal                       | Clock buffer(FF name)  | Load  |
-----------------------------------+------------------------+-------+
clk                                | BUFGP                  | 78    |
-----------------------------------+------------------------+-------+

Asynchronous Control Signals Information:
----------------------------------------
No asynchronous control signals found in this design

Timing Summary:
---------------
Speed Grade: -3

   Minimum period: 5.130ns (Maximum Frequency: 194.918MHz)
   Minimum input arrival time before clock: 8.382ns
   Maximum output required time after clock: 5.165ns
   Maximum combinational path delay: 5.330ns

Timing Details:
---------------
All values displayed in nanoseconds (ns)

=========================================================================
Timing constraint: Default period analysis for Clock 'clk'
  Clock period: 5.130ns (frequency: 194.918MHz)
  Total number of paths / destination ports: 4871 / 169
-------------------------------------------------------------------------
Delay:               5.130ns (Levels of Logic = 5)
  Source:            AVR/sample_q_6 (FF)
  Destination:       SSD/Reader_1 (FF)
  Source Clock:      clk rising
  Destination Clock: clk rising

  Data Path: AVR/sample_q_6 to SSD/Reader_1
                                Gate     Net
    Cell:in->out      fanout   Delay   Delay  Logical Name (Net Name)
    ----------------------------------------  ------------
     FDRE:C->Q            19   0.447   1.319  AVR/sample_q_6 (AVR/sample_q_6)
     LUT6:I2->O            1   0.203   0.000  BCD/GND_6_o_bcdinput[6]_LessThan_38_o1_G (N63)
     MUXF7:I1->O           3   0.140   0.879  BCD/GND_6_o_bcdinput[6]_LessThan_38_o1 (BCD/GND_6_o_bcdinput[6]_LessThan_38_o)
     LUT6:I3->O            2   0.205   0.617  BCD/GND_6_o_bcdinput[4]_LessThan_50_o3 (BCD/GND_6_o_bcdinput[4]_LessThan_50_o)
     LUT5:I4->O            1   0.205   0.808  SSD/Mmux_io_sel[3]_Reader[3]_wide_mux_2_OUT27_SW0_SW0 (N39)
     LUT6:I3->O            1   0.205   0.000  SSD/Mmux_io_sel[3]_Reader[3]_wide_mux_2_OUT27 (SSD/io_sel[3]_Reader[3]_wide_mux_2_OUT<1>)
     FDE:D                     0.102          SSD/Reader_1
    ----------------------------------------
    Total                      5.130ns (1.507ns logic, 3.623ns route)
                                       (29.4% logic, 70.6% route)

=========================================================================
Timing constraint: Default OFFSET IN BEFORE for Clock 'clk'
  Total number of paths / destination ports: 284 / 19
-------------------------------------------------------------------------
Offset:              8.382ns (Levels of Logic = 8)
  Source:            io_dip<1> (PAD)
  Destination:       SSD/Reader_3 (FF)
  Destination Clock: clk rising

  Data Path: io_dip<1> to SSD/Reader_3
                                Gate     Net
    Cell:in->out      fanout   Delay   Delay  Logical Name (Net Name)
    ----------------------------------------  ------------
     IBUF:I->O             4   1.222   0.931  io_dip_1_IBUF (io_led_1_OBUF)
     LUT4:I0->O            2   0.203   0.721  adder/Mxor_product<2>_xo<0>21 (adder/Mxor_product<2>_xo<0>2)
     LUT5:I3->O            3   0.203   0.755  adder/Mxor_product<4>_xo<0>11 (adder/Mxor_product<4>_xo<0>1)
     LUT5:I3->O            3   0.203   0.879  adder/Mxor_product<6>_xo<0>11 (adder/Mxor_product<6>_xo<0>1)
     LUT6:I3->O            2   0.205   0.981  SSD/Mmux_io_sel[3]_Reader[3]_wide_mux_2_OUT46 (SSD/Mmux_io_sel[3]_Reader[3]_wide_mux_2_OUT45)
     LUT6:I0->O            1   0.203   0.684  SSD/Mmux_io_sel[3]_Reader[3]_wide_mux_2_OUT44_SW1 (N53)
     LUT6:I4->O            1   0.203   0.684  SSD/Mmux_io_sel[3]_Reader[3]_wide_mux_2_OUT47_SW0 (N16)
     LUT6:I4->O            1   0.203   0.000  SSD/Mmux_io_sel[3]_Reader[3]_wide_mux_2_OUT410 (SSD/io_sel[3]_Reader[3]_wide_mux_2_OUT<3>)
     FDE:D                     0.102          SSD/Reader_3
    ----------------------------------------
    Total                      8.382ns (2.747ns logic, 5.635ns route)
                                       (32.8% logic, 67.2% route)

=========================================================================
Timing constraint: Default OFFSET OUT AFTER for Clock 'clk'
  Total number of paths / destination ports: 47 / 25
-------------------------------------------------------------------------
Offset:              5.165ns (Levels of Logic = 2)
  Source:            AVR/cclk_detector/ready_q (FF)
  Destination:       spi_channel<3> (PAD)
  Source Clock:      clk rising

  Data Path: AVR/cclk_detector/ready_q to spi_channel<3>
                                Gate     Net
    Cell:in->out      fanout   Delay   Delay  Logical Name (Net Name)
    ----------------------------------------  ------------
     FDR:C->Q              3   0.447   0.650  AVR/cclk_detector/ready_q (AVR/cclk_detector/ready_q)
     INV:I->O             32   0.206   1.291  AVR/n_rdy1_INV_0 (AVR/n_rdy)
     OBUFT:T->O                2.571          spi_channel_3_OBUFT (spi_channel<3>)
    ----------------------------------------
    Total                      5.165ns (3.224ns logic, 1.941ns route)
                                       (62.4% logic, 37.6% route)

=========================================================================
Timing constraint: Default path analysis
  Total number of paths / destination ports: 25 / 25
-------------------------------------------------------------------------
Delay:               5.330ns (Levels of Logic = 3)
  Source:            spi_ss (PAD)
  Destination:       spi_miso (PAD)

  Data Path: spi_ss to spi_miso
                                Gate     Net
    Cell:in->out      fanout   Delay   Delay  Logical Name (Net Name)
    ----------------------------------------  ------------
     IBUF:I->O             3   1.222   0.755  spi_ss_IBUF (spi_ss_IBUF)
     LUT2:I0->O            1   0.203   0.579  AVR/ready_spi_ss_AND_27_o_inv1 (AVR/ready_spi_ss_AND_27_o_inv)
     OBUFT:T->O                2.571          spi_miso_OBUFT (spi_miso)
    ----------------------------------------
    Total                      5.330ns (3.996ns logic, 1.334ns route)
                                       (75.0% logic, 25.0% route)

=========================================================================

Cross Clock Domains Report:
--------------------------

Clock to Setup on destination clock clk
---------------+---------+---------+---------+---------+
               | Src:Rise| Src:Fall| Src:Rise| Src:Fall|
Source Clock   |Dest:Rise|Dest:Rise|Dest:Fall|Dest:Fall|
---------------+---------+---------+---------+---------+
clk            |    5.130|         |         |         |
---------------+---------+---------+---------+---------+

=========================================================================


Total REAL time to Xst completion: 8.00 secs
Total CPU time to Xst completion: 6.69 secs
 
--> 


Total memory usage is 391284 kilobytes

Number of errors   :    0 (   0 filtered)
Number of warnings :   35 (   0 filtered)
Number of infos    :    8 (   0 filtered)

