/home/ise/Documents/Projects/trash_1/firmware-ethernet/ExampleProject/ise/scrodEthernetExample.ngc 1541188938
coregen/fifo8x64.ngc 1540320784
coregen/fifo18x16.ngc 1540320784
ipcore_dir/BRAM_storage.ngc 1540320786
/home/ise/Documents/Projects/trash_1/firmware-ethernet/ExampleProject/ise/microblaze_0.ngc 1541096668
/home/ise/Documents/Projects/trash_1/firmware-ethernet/ExampleProject/ise/microblaze_0_microblaze_0_wrapper.ngc 1541096668
/home/ise/Documents/Projects/trash_1/firmware-ethernet/ExampleProject/ise/microblaze_0_iomodule_0_wrapper.ngc 1541096668
/home/ise/Documents/Projects/trash_1/firmware-ethernet/ExampleProject/ise/microblaze_0_proc_sys_reset_0_wrapper.ngc 1541096668
/home/ise/Documents/Projects/trash_1/firmware-ethernet/ExampleProject/ise/microblaze_0_clock_generator_0_wrapper.ngc 1541096668
/home/ise/Documents/Projects/trash_1/firmware-ethernet/ExampleProject/ise/microblaze_0_microblaze_0_ilmb_wrapper.ngc 1541096668
/home/ise/Documents/Projects/trash_1/firmware-ethernet/ExampleProject/ise/microblaze_0_microblaze_0_dlmb_wrapper.ngc 1541096668
/home/ise/Documents/Projects/trash_1/firmware-ethernet/ExampleProject/ise/microblaze_0_debug_module_wrapper.ngc 1541096668
/home/ise/Documents/Projects/trash_1/firmware-ethernet/ExampleProject/ise/microblaze_0_axi4lite_0_wrapper.ngc 1541096668
/home/ise/Documents/Projects/trash_1/firmware-ethernet/ExampleProject/ise/microblaze_0_microblaze_1_l_bram_ctrl_wrapper.ngc 1541096668
/home/ise/Documents/Projects/trash_1/firmware-ethernet/ExampleProject/ise/microblaze_0_microblaze_1_d_bram_ctrl_wrapper.ngc 1541096668
/home/ise/Documents/Projects/trash_1/firmware-ethernet/ExampleProject/ise/microblaze_0_microblaze_0_i_bram_ctrl_wrapper.ngc 1541096668
/home/ise/Documents/Projects/trash_1/firmware-ethernet/ExampleProject/ise/microblaze_0_microblaze_0_d_bram_ctrl_wrapper.ngc 1541096668
/home/ise/Documents/Projects/trash_1/firmware-ethernet/ExampleProject/ise/microblaze_0_axi_timer_0_wrapper.ngc 1541096668
/home/ise/Documents/Projects/trash_1/firmware-ethernet/ExampleProject/ise/microblaze_0_axi_timebase_wdt_0_wrapper.ngc 1541096668
/home/ise/Documents/Projects/trash_1/firmware-ethernet/ExampleProject/ise/microblaze_0_microblaze_1_wrapper.ngc 1541096668
/home/ise/Documents/Projects/trash_1/firmware-ethernet/ExampleProject/ise/microblaze_0_microblaze_0_bram_block_wrapper.ngc 1541096668
ipcore_dir/AXIS_fifo_0.ngc 1541002452
ipcore_dir/axis_fifo.ngc 1541184283
ipcore_dir/AXIS_fifo_1.ngc 1541179677
OK
